This is pdfTeX, Version 3.141592653-2.6-1.40.25 (MiKTeX 24.1) (preloaded format=pdflatex 2025.12.9)  26 MAR 2026 01:34
entering extended mode
 restricted \write18 enabled.
 %&-line parsing enabled.
**./Optimal-Design-layout.tex
(Optimal-Design-layout.tex
LaTeX2e <2023-11-01> patch level 1
L3 programming layer <2024-01-04>
(USG.cls
Document Class: USG 2024/05/07 v6.0 Standard LaTeX document class for Journal
\job@temptoken=\toks17

(C:\Users\Christopher PS\AppData\Local\Programs\MiKTeX\tex/latex/base\article.c
ls
Document Class: article 2023/05/17 v1.4n Standard LaTeX document class

(C:\Users\Christopher PS\AppData\Local\Programs\MiKTeX\tex/latex/base\fleqn.clo
File: fleqn.clo 2016/12/29 v1.2b Standard LaTeX option (flush left equations)
\mathindent=\skip48
Applying: [2015/01/01] Make \[ robust on input line 50.
LaTeX Info: Redefining \[ on input line 51.
Already applied: [0000/00/00] Make \[ robust on input line 62.
Applying: [2015/01/01] Make \] robust on input line 74.
LaTeX Info: Redefining \] on input line 75.
Already applied: [0000/00/00] Make \] robust on input line 83.
)
(C:\Users\Christopher PS\AppData\Local\Programs\MiKTeX\tex/latex/base\size10.cl
o
File: size10.clo 2023/05/17 v1.4n Standard LaTeX file (size option)
)
\c@part=\count187
\c@section=\count188
\c@subsection=\count189
\c@subsubsection=\count190
\c@paragraph=\count191
\c@subparagraph=\count192
\c@figure=\count193
\c@table=\count194
\abovecaptionskip=\skip49
\belowcaptionskip=\skip50
\bibindent=\dimen140
)
(C:\Users\Christopher PS\AppData\Local\Programs\MiKTeX\tex/latex/dashrule\dashr
ule.sty
Package: dashrule 2013/03/28 v1.3 Dashed rules

(C:\Users\Christopher PS\AppData\Local\Programs\MiKTeX\tex/latex/ifmtarg\ifmtar
g.sty
Package: ifmtarg 2018/04/16 v1.2b check for an empty argument
)
\c@hdr@segments=\count195
)
(C:\Users\Christopher PS\AppData\Local\Programs\MiKTeX\tex/latex/etex-pkg\etex.
sty
Package: etex 2016/08/01 v2.7 eTeX basic definition package (PEB,DPC)
\et@xins=\count196
)
(C:\Users\Christopher PS\AppData\Local\Programs\MiKTeX\tex/latex/graphics\graph
icx.sty
Package: graphicx 2021/09/16 v1.2d Enhanced LaTeX Graphics (DPC,SPQR)

(C:\Users\Christopher PS\AppData\Local\Programs\MiKTeX\tex/latex/graphics\keyva
l.sty
Package: keyval 2022/05/29 v1.15 key=value parser (DPC)
\KV@toks@=\toks18
)
(C:\Users\Christopher PS\AppData\Local\Programs\MiKTeX\tex/latex/graphics\graph
ics.sty
Package: graphics 2022/03/10 v1.4e Standard LaTeX Graphics (DPC,SPQR)

(C:\Users\Christopher PS\AppData\Local\Programs\MiKTeX\tex/latex/graphics\trig.
sty
Package: trig 2021/08/11 v1.11 sin cos tan (DPC)
)
(C:\Users\Christopher PS\AppData\Local\Programs\MiKTeX\tex/latex/graphics-cfg\g
raphics.cfg
File: graphics.cfg 2016/06/04 v1.11 sample graphics configuration
)
Package graphics Info: Driver file: pdftex.def on input line 107.

(C:\Users\Christopher PS\AppData\Local\Programs\MiKTeX\tex/latex/graphics-def\p
dftex.def
File: pdftex.def 2022/09/22 v1.2b Graphics/color driver for pdftex
))
\Gin@req@height=\dimen141
\Gin@req@width=\dimen142
)
(C:\Users\Christopher PS\AppData\Local\Programs\MiKTeX\tex/latex/tools\multicol
.sty
Package: multicol 2023/03/30 v1.9f multicolumn formatting (FMi)
\c@tracingmulticols=\count197


Package multicol Warning: May not work with the twocolumn option on input line 
143.

\mult@box=\box51
\multicol@leftmargin=\dimen143
\c@unbalance=\count198
\c@collectmore=\count199
Normal \count register pool exhausted, switching to extended pool.
\doublecol@number=\count277
\multicoltolerance=\count278
\multicolpretolerance=\count279
\full@width=\dimen144
\page@free=\dimen145
\premulticols=\dimen146
\postmulticols=\dimen147
\multicolsep=\skip51
\multicolbaselineskip=\skip52
\partial@page=\box52
\last@line=\box53
\mc@boxedresult=\box54
\maxbalancingoverflow=\dimen148
\mult@rightbox=\box55
\mult@grightbox=\box56
\mult@firstbox=\box57
\mult@gfirstbox=\box58
\@tempa=\box59
\@tempa=\box60
\@tempa=\box61
\@tempa=\box62
\@tempa=\box63
\@tempa=\box64
\@tempa=\box65
\@tempa=\box66
\@tempa=\box67
\@tempa=\box68
\@tempa=\box69
\@tempa=\box70
\@tempa=\box71
\@tempa=\box72
\@tempa=\box73
\@tempa=\box74
\@tempa=\box75
\@tempa=\box76
\@tempa=\box77
\@tempa=\box78
\@tempa=\box79
\@tempa=\box80
\@tempa=\box81
\@tempa=\box82
\@tempa=\box83
\@tempa=\box84
\@tempa=\box85
\@tempa=\box86
\@tempa=\box87
\@tempa=\box88
\@tempa=\box89
\@tempa=\box90
\@tempa=\box91
\@tempa=\box92
\@tempa=\box93
\@tempa=\box94
\c@minrows=\count280
\c@columnbadness=\count281
\c@finalcolumnbadness=\count282
\last@try=\dimen149
\multicolovershoot=\dimen150
\multicolundershoot=\dimen151
\mult@nat@firstbox=\box95
\colbreak@box=\box96
\mc@col@check@num=\count283
)
(C:\Users\Christopher PS\AppData\Local\Programs\MiKTeX\tex/latex/multirow\multi
row.sty
Package: multirow 2024/11/12 v2.9 Span multiple rows of a table
\multirow@colwidth=\skip53
\multirow@cntb=\count284
\multirow@dima=\skip54
\bigstrutjot=\dimen152
) (cuted.sty
Package: cuted 2011/06/10 v1.5 cuted package
)
(C:\Users\Christopher PS\AppData\Local\Programs\MiKTeX\tex/generic/iftex\ifpdf.
sty
Package: ifpdf 2019/10/25 v3.4 ifpdf legacy package. Use iftex instead.

(C:\Users\Christopher PS\AppData\Local\Programs\MiKTeX\tex/generic/iftex\iftex.
sty
Package: iftex 2022/02/03 v1.0f TeX engine tests
))
(C:\Users\Christopher PS\AppData\Local\Programs\MiKTeX\tex/latex/url\url.sty
\Urlmuskip=\muskip16
Package: url 2013/09/16  ver 3.4  Verb mode for urls, etc.
)
(C:\Users\Christopher PS\AppData\Local\Programs\MiKTeX\tex/latex/changepage\cha
ngepage.sty
Package: changepage 2009/10/20 v1.0c check page and change page layout
\c@cp@cntr=\count285
\cp@tempcnt=\count286
)
(C:\Users\Christopher PS\AppData\Local\Programs\MiKTeX\tex/latex/tools\calc.sty
Package: calc 2023/07/08 v4.3 Infix arithmetic (KKT,FJ)
\calc@Acount=\count287
\calc@Bcount=\count288
\calc@Adimen=\dimen153
\calc@Bdimen=\dimen154
\calc@Askip=\skip55
\calc@Bskip=\skip56
LaTeX Info: Redefining \setlength on input line 80.
LaTeX Info: Redefining \addtolength on input line 81.
\calc@Ccount=\count289
\calc@Cskip=\skip57
)
(C:\Users\Christopher PS\AppData\Local\Programs\MiKTeX\tex/latex/xcolor\xcolor.
sty
Package: xcolor 2023/11/15 v3.01 LaTeX color extensions (UK)

(C:\Users\Christopher PS\AppData\Local\Programs\MiKTeX\tex/latex/graphics-cfg\c
olor.cfg
File: color.cfg 2016/01/02 v1.6 sample color configuration
)
Package xcolor Info: Driver file: pdftex.def on input line 274.

(C:\Users\Christopher PS\AppData\Local\Programs\MiKTeX\tex/latex/graphics\mathc
olor.ltx)
Package xcolor Info: Model `cmy' substituted by `cmy0' on input line 1350.
Package xcolor Info: Model `hsb' substituted by `rgb' on input line 1354.
Package xcolor Info: Model `RGB' extended on input line 1366.
Package xcolor Info: Model `HTML' substituted by `rgb' on input line 1368.
Package xcolor Info: Model `Hsb' substituted by `hsb' on input line 1369.
Package xcolor Info: Model `tHsb' substituted by `hsb' on input line 1370.
Package xcolor Info: Model `HSB' substituted by `hsb' on input line 1371.
Package xcolor Info: Model `Gray' substituted by `gray' on input line 1372.
Package xcolor Info: Model `wave' substituted by `hsb' on input line 1373.
)
(C:\Users\Christopher PS\AppData\Local\Programs\MiKTeX\tex/latex/float\float.st
y
Package: float 2001/11/08 v1.3d Float enhancements (AL)
\c@float@type=\count290
\float@exts=\toks19
\float@box=\box97
\@float@everytoks=\toks20
\@floatcapt=\box98
) (floatpag.sty
Package: floatpag 2001/11/02 v1.0 floatpag package
)
(C:\Users\Christopher PS\AppData\Local\Programs\MiKTeX\tex/latex/dblfloatfix\db
lfloatfix.sty
Package: dblfloatfix 2012/12/31 v1.0a (JAW)

(C:\Users\Christopher PS\AppData\Local\Programs\MiKTeX\tex/latex/base\fixltx2e.
sty
Package: fixltx2e 2016/12/29 v2.1a fixes to LaTeX (obsolete)
Applying: [2015/01/01] Old fixltx2e package on input line 46.


Package fixltx2e Warning: fixltx2e is not required with releases after 2015
(fixltx2e)                All fixes are now in the LaTeX kernel.
(fixltx2e)                See the latexrelease package for details.

Already applied: [0000/00/00] Old fixltx2e package on input line 53.
)
\@dblbotnum=\count291
\c@dblbotnumber=\count292
)
(C:\Users\Christopher PS\AppData\Local\Programs\MiKTeX\tex/latex/graphics\rotat
ing.sty
Package: rotating 2016/08/11 v2.16d rotated objects in LaTeX

(C:\Users\Christopher PS\AppData\Local\Programs\MiKTeX\tex/latex/base\ifthen.st
y
Package: ifthen 2022/04/13 v1.1d Standard LaTeX ifthen package (DPC)
)
\c@r@tfl@t=\count293
\rotFPtop=\skip58
\rotFPbot=\skip59
\rot@float@box=\box99
\rot@mess@toks=\toks21
)
(C:\Users\Christopher PS\AppData\Local\Programs\MiKTeX\tex/latex/ulem\ulem.sty
\UL@box=\box100
\UL@hyphenbox=\box101
\UL@skip=\skip60
\UL@hook=\toks22
\UL@height=\dimen155
\UL@pe=\count294
\UL@pixel=\dimen156
\ULC@box=\box102
Package: ulem 2019/11/18
\ULdepth=\dimen157
)
(C:\Users\Christopher PS\AppData\Local\Programs\MiKTeX\tex/latex/tools\enumerat
e.sty
Package: enumerate 2023/07/04 v3.00 enumerate extensions (DPC)
\@enLab=\toks23
)
(C:\Users\Christopher PS\AppData\Local\Programs\MiKTeX\tex/generic/soul\soul.st
y
Package: soul 2023-06-14 v3.1 Permit use of UTF-8 characters in soul (HO)

(C:\Users\Christopher PS\AppData\Local\Programs\MiKTeX\tex/generic/soul\soul-or
i.sty
Package: soul-ori 2023-06-14 v3.1 letterspacing/underlining (mf)
\SOUL@word=\toks24
\SOUL@lasttoken=\toks25
\SOUL@syllable=\toks26
\SOUL@cmds=\toks27
\SOUL@buffer=\toks28
\SOUL@token=\toks29
\SOUL@syllgoal=\dimen158
\SOUL@syllwidth=\dimen159
\SOUL@charkern=\dimen160
\SOUL@hyphkern=\dimen161
\SOUL@dimen=\dimen162
\SOUL@dimeni=\dimen163
\SOUL@minus=\count295
\SOUL@comma=\count296
\SOUL@apo=\count297
\SOUL@grave=\count298
\SOUL@spaceskip=\skip61
\SOUL@ttwidth=\dimen164
\SOUL@uldp=\dimen165
\SOUL@ulht=\dimen166
)
(C:\Users\Christopher PS\AppData\Local\Programs\MiKTeX\tex/generic/infwarerr\in
fwarerr.sty
Package: infwarerr 2019/12/03 v1.5 Providing info/warning/error messages (HO)
)
(C:\Users\Christopher PS\AppData\Local\Programs\MiKTeX\tex/generic/etexcmds\ete
xcmds.sty
Package: etexcmds 2019/12/15 v1.7 Avoid name clashes with e-TeX commands (HO)
)) (lettersp.sty
\naturalwidth=\dimen167
\naturaldepth=\dimen168
\naturalheight=\dimen169
\l@tterspacebox=\box103
\l@tterspacetoks=\toks30
)
(C:\Users\Christopher PS\AppData\Local\Programs\MiKTeX\tex/generic/babel\babel.
sty
Package: babel 2024/01/07 v24.1 The Babel package
\babel@savecnt=\count299
\U@D=\dimen170
\l@unhyphenated=\language79

(C:\Users\Christopher PS\AppData\Local\Programs\MiKTeX\tex/generic/babel\txtbab
el.def)
\bbl@readstream=\read2
\bbl@dirlevel=\count300

*************************************
* Local config file bblopts.cfg used
*

(C:\Users\Christopher PS\AppData\Local\Programs\MiKTeX\tex/latex/arabi\bblopts.
cfg
File: bblopts.cfg 2005/09/08 v0.1 add Arabic and Farsi to "declared" options of
 babel
)
(C:\Users\Christopher PS\AppData\Local\Programs\MiKTeX\tex/latex/babel-english\
english.ldf
Language: english 2017/06/06 v3.3r English support from the babel system
Package babel Info: Hyphen rules for 'canadian' set to \l@english
(babel)             (\language0). Reported on input line 102.
Package babel Info: Hyphen rules for 'australian' set to \l@ukenglish
(babel)             (\language73). Reported on input line 105.
Package babel Info: Hyphen rules for 'newzealand' set to \l@ukenglish
(babel)             (\language73). Reported on input line 108.
))
(C:\Users\Christopher PS\AppData\Local\Programs\MiKTeX\tex/generic/babel/locale
/en\babel-english.tex
Package babel Info: Importing font and identification data for english
(babel)             from babel-en.ini. Reported on input line 11.
)
(C:\Users\Christopher PS\AppData\Local\Programs\MiKTeX\tex/latex/hyperref\hyper
ref.sty
Package: hyperref 2023-11-26 v7.01g Hypertext links for LaTeX

(C:\Users\Christopher PS\AppData\Local\Programs\MiKTeX\tex/latex/kvsetkeys\kvse
tkeys.sty
Package: kvsetkeys 2022-10-05 v1.19 Key value parser (HO)
)
(C:\Users\Christopher PS\AppData\Local\Programs\MiKTeX\tex/generic/kvdefinekeys
\kvdefinekeys.sty
Package: kvdefinekeys 2019-12-19 v1.6 Define keys (HO)
)
(C:\Users\Christopher PS\AppData\Local\Programs\MiKTeX\tex/generic/pdfescape\pd
fescape.sty
Package: pdfescape 2019/12/09 v1.15 Implements pdfTeX's escape features (HO)

(C:\Users\Christopher PS\AppData\Local\Programs\MiKTeX\tex/generic/ltxcmds\ltxc
mds.sty
Package: ltxcmds 2023-12-04 v1.26 LaTeX kernel commands for general use (HO)
)
(C:\Users\Christopher PS\AppData\Local\Programs\MiKTeX\tex/generic/pdftexcmds\p
dftexcmds.sty
Package: pdftexcmds 2020-06-27 v0.33 Utility functions of pdfTeX for LuaTeX (HO
)
Package pdftexcmds Info: \pdf@primitive is available.
Package pdftexcmds Info: \pdf@ifprimitive is available.
Package pdftexcmds Info: \pdfdraftmode found.
))
(C:\Users\Christopher PS\AppData\Local\Programs\MiKTeX\tex/latex/hycolor\hycolo
r.sty
Package: hycolor 2020-01-27 v1.10 Color options for hyperref/bookmark (HO)
)
(C:\Users\Christopher PS\AppData\Local\Programs\MiKTeX\tex/latex/letltxmacro\le
tltxmacro.sty
Package: letltxmacro 2019/12/03 v1.6 Let assignment for LaTeX macros (HO)
)
(C:\Users\Christopher PS\AppData\Local\Programs\MiKTeX\tex/latex/auxhook\auxhoo
k.sty
Package: auxhook 2019-12-17 v1.6 Hooks for auxiliary files (HO)
)
(C:\Users\Christopher PS\AppData\Local\Programs\MiKTeX\tex/latex/hyperref\namer
ef.sty
Package: nameref 2023-11-26 v2.56 Cross-referencing by name of section

(C:\Users\Christopher PS\AppData\Local\Programs\MiKTeX\tex/latex/refcount\refco
unt.sty
Package: refcount 2019/12/15 v3.6 Data extraction from label references (HO)
)
(C:\Users\Christopher PS\AppData\Local\Programs\MiKTeX\tex/generic/gettitlestri
ng\gettitlestring.sty
Package: gettitlestring 2019/12/15 v1.6 Cleanup title references (HO)

(C:\Users\Christopher PS\AppData\Local\Programs\MiKTeX\tex/latex/kvoptions\kvop
tions.sty
Package: kvoptions 2022-06-15 v3.15 Key value format for package options (HO)
))
\c@section@level=\count301
)
(C:\Users\Christopher PS\AppData\Local\Programs\MiKTeX\tex/latex/etoolbox\etool
box.sty
Package: etoolbox 2020/10/05 v2.5k e-TeX tools for LaTeX (JAW)
\etb@tempcnta=\count302
)
\@linkdim=\dimen171
\Hy@linkcounter=\count303
\Hy@pagecounter=\count304

(C:\Users\Christopher PS\AppData\Local\Programs\MiKTeX\tex/latex/hyperref\pd1en
c.def
File: pd1enc.def 2023-11-26 v7.01g Hyperref: PDFDocEncoding definition (HO)
Now handling font encoding PD1 ...
... no UTF-8 mapping file for font encoding PD1
)
(C:\Users\Christopher PS\AppData\Local\Programs\MiKTeX\tex/generic/intcalc\intc
alc.sty
Package: intcalc 2019/12/15 v1.3 Expandable calculations with integers (HO)
)
\Hy@SavedSpaceFactor=\count305

(C:\Users\Christopher PS\AppData\Local\Programs\MiKTeX\tex/latex/hyperref\puenc
.def
File: puenc.def 2023-11-26 v7.01g Hyperref: PDF Unicode definition (HO)
Now handling font encoding PU ...
... no UTF-8 mapping file for font encoding PU
)
Package hyperref Info: Hyper figures OFF on input line 4181.
Package hyperref Info: Link nesting OFF on input line 4186.
Package hyperref Info: Hyper index ON on input line 4189.
Package hyperref Info: Plain pages OFF on input line 4196.
Package hyperref Info: Backreferencing OFF on input line 4201.
Package hyperref Info: Implicit mode ON; LaTeX internals redefined.
Package hyperref Info: Bookmarks ON on input line 4448.
\c@Hy@tempcnt=\count306
LaTeX Info: Redefining \url on input line 4786.
\XeTeXLinkMargin=\dimen172

(C:\Users\Christopher PS\AppData\Local\Programs\MiKTeX\tex/generic/bitset\bitse
t.sty
Package: bitset 2019/12/09 v1.3 Handle bit-vector datatype (HO)

(C:\Users\Christopher PS\AppData\Local\Programs\MiKTeX\tex/generic/bigintcalc\b
igintcalc.sty
Package: bigintcalc 2019/12/15 v1.5 Expandable calculations on big integers (HO
)
))
\Fld@menulength=\count307
\Field@Width=\dimen173
\Fld@charsize=\dimen174
Package hyperref Info: Hyper figures OFF on input line 6065.
Package hyperref Info: Link nesting OFF on input line 6070.
Package hyperref Info: Hyper index ON on input line 6073.
Package hyperref Info: backreferencing OFF on input line 6080.
Package hyperref Info: Link coloring OFF on input line 6085.
Package hyperref Info: Link coloring with OCG OFF on input line 6090.
Package hyperref Info: PDF/A mode OFF on input line 6095.

(C:\Users\Christopher PS\AppData\Local\Programs\MiKTeX\tex/latex/base\atbegshi-
ltx.sty
Package: atbegshi-ltx 2021/01/10 v1.0c Emulation of the original atbegshi
package with kernel methods
)
\Hy@abspage=\count308
\c@Item=\count309
\c@Hfootnote=\count310
)
Package hyperref Info: Driver (autodetected): hpdftex.

(C:\Users\Christopher PS\AppData\Local\Programs\MiKTeX\tex/latex/hyperref\hpdft
ex.def
File: hpdftex.def 2023-11-26 v7.01g Hyperref driver for pdfTeX

(C:\Users\Christopher PS\AppData\Local\Programs\MiKTeX\tex/latex/base\atveryend
-ltx.sty
Package: atveryend-ltx 2020/08/19 v1.0a Emulation of the original atveryend pac
kage
with kernel methods
)
\Fld@listcount=\count311
\c@bookmark@seq@number=\count312

(C:\Users\Christopher PS\AppData\Local\Programs\MiKTeX\tex/latex/rerunfilecheck
\rerunfilecheck.sty
Package: rerunfilecheck 2025-06-21 v1.11 Rerun checks for auxiliary files (HO)

(C:\Users\Christopher PS\AppData\Local\Programs\MiKTeX\tex/generic/uniquecounte
r\uniquecounter.sty
Package: uniquecounter 2019/12/15 v1.4 Provide unlimited unique counter (HO)
)
Package uniquecounter Info: New unique counter `rerunfilecheck' on input line 2
84.
)
\Hy@SectionHShift=\skip62
)
Package hyperref Info: Option `bookmarksopen' set `true' on input line 286.
Package hyperref Info: Option `colorlinks' set `true' on input line 286.

(C:\Users\Christopher PS\AppData\Local\Programs\MiKTeX\tex/latex/bookmark\bookm
ark.sty
Package: bookmark 2023-12-10 v1.31 PDF bookmarks (HO)

(C:\Users\Christopher PS\AppData\Local\Programs\MiKTeX\tex/latex/bookmark\bkm-p
dftex.def
File: bkm-pdftex.def 2023-12-10 v1.31 bookmark driver for pdfTeX and luaTeX (HO
)
\BKM@id=\count313
))
(C:\Users\Christopher PS\AppData\Local\Programs\MiKTeX\tex/latex/subfig\subfig.
sty
Package: subfig 2005/06/28 ver: 1.3 subfig package

(C:\Users\Christopher PS\AppData\Local\Programs\MiKTeX\tex/latex/caption\captio
n.sty
Package: caption 2023/08/05 v3.6o Customizing captions (AR)

(C:\Users\Christopher PS\AppData\Local\Programs\MiKTeX\tex/latex/caption\captio
n3.sty
Package: caption3 2023/07/31 v2.4d caption3 kernel (AR)
\caption@tempdima=\dimen175
\captionmargin=\dimen176
\caption@leftmargin=\dimen177
\caption@rightmargin=\dimen178
\caption@width=\dimen179
\caption@indent=\dimen180
\caption@parindent=\dimen181
\caption@hangindent=\dimen182
Package caption Info: Standard document class detected.
)
\c@caption@flags=\count314
\c@continuedfloat=\count315
Package caption Info: changepage package is loaded.
\caption@adjustwidth@hsize=\dimen183
\caption@adjustwidth@linewidth=\dimen184
Package caption Info: float package is loaded.
Package caption Info: hyperref package is loaded.
Package caption Info: rotating package is loaded.
)
\c@KVtest=\count316
\sf@farskip=\skip63
\sf@captopadj=\dimen185
\sf@capskip=\skip64
\sf@nearskip=\skip65
\c@subfigure=\count317
\c@subfigure@save=\count318
\c@lofdepth=\count319
\c@subtable=\count320
\c@subtable@save=\count321
\c@lotdepth=\count322
\sf@top=\skip66
\sf@bottom=\skip67
)
(C:\Users\Christopher PS\AppData\Local\Programs\MiKTeX\tex/latex/oberdiek\twoop
t.sty
Package: twoopt 2016/05/16 v1.6 Definitions with two optional arguments (HO)
)
(C:\Users\Christopher PS\AppData\Local\Programs\MiKTeX\tex/latex/footmisc\footm
isc.sty
Package: footmisc 2025/05/09 v7.0b a miscellany of footnote facilities

(C:\Users\Christopher PS\AppData\Local\Programs\MiKTeX\tex/latex/footmisc\footm
isc-2022-02-14.sty
Package: footmisc 2024/12/24 v6.0g a miscellany of footnote facilities
\FN@temptoken=\toks31
\footnotemargin=\dimen186
\@outputbox@depth=\dimen187
Package footmisc Info: Declaring symbol style bringhurst on input line 699.
Package footmisc Info: Declaring symbol style chicago on input line 707.
Package footmisc Info: Declaring symbol style wiley on input line 716.
Package footmisc Info: Declaring symbol style lamport-robust on input line 727.

Package footmisc Info: Declaring symbol style lamport* on input line 747.
Package footmisc Info: Declaring symbol style lamport*-robust on input line 768
.
))
(C:\Users\Christopher PS\AppData\Local\Programs\MiKTeX\tex/latex/tools\tabularx
.sty
Package: tabularx 2023/07/08 v2.11c `tabularx' package (DPC)

(C:\Users\Christopher PS\AppData\Local\Programs\MiKTeX\tex/latex/tools\array.st
y
Package: array 2023/10/16 v2.5g Tabular extension package (FMi)
\col@sep=\dimen188
\ar@mcellbox=\box104
\extrarowheight=\dimen189
\NC@list=\toks32
\extratabsurround=\skip68
\backup@length=\skip69
\ar@cellbox=\box105
)
\TX@col@width=\dimen190
\TX@old@table=\dimen191
\TX@old@col=\dimen192
\TX@target=\dimen193
\TX@delta=\dimen194
\TX@cols=\count323
\TX@ftn=\toks33
)
(C:\Users\Christopher PS\AppData\Local\Programs\MiKTeX\tex/latex/xargs\xargs.st
y
Package: xargs 2008/03/22 v1.1  extended macro definitions  (mpg)

(C:\Users\Christopher PS\AppData\Local\Programs\MiKTeX\tex/latex/xkeyval\xkeyva
l.sty
Package: xkeyval 2022/06/16 v2.9 package option processing (HA)

(C:\Users\Christopher PS\AppData\Local\Programs\MiKTeX\tex/generic/xkeyval\xkey
val.tex
(C:\Users\Christopher PS\AppData\Local\Programs\MiKTeX\tex/generic/xkeyval\xkvu
tils.tex
\XKV@toks=\toks34
\XKV@tempa@toks=\toks35
)
\XKV@depth=\count324
File: xkeyval.tex 2014/12/03 v2.7a key=value parser (HA)
))
\xargs@max=\count325
\xargs@toksa=\toks36
\xargs@toksb=\toks37
)
(C:\Users\Christopher PS\AppData\Local\Programs\MiKTeX\tex/latex/tcolorbox\tcol
orbox.sty
Package: tcolorbox 2024/01/10 version 6.2.0 text color boxes

(C:\Users\Christopher PS\AppData\Local\Programs\MiKTeX\tex/latex/pgf/basiclayer
\pgf.sty
(C:\Users\Christopher PS\AppData\Local\Programs\MiKTeX\tex/latex/pgf/utilities\
pgfrcs.sty
(C:\Users\Christopher PS\AppData\Local\Programs\MiKTeX\tex/generic/pgf/utilitie
s\pgfutil-common.tex
\pgfutil@everybye=\toks38
\pgfutil@tempdima=\dimen195
\pgfutil@tempdimb=\dimen196
)
(C:\Users\Christopher PS\AppData\Local\Programs\MiKTeX\tex/generic/pgf/utilitie
s\pgfutil-latex.def
\pgfutil@abb=\box106
)
(C:\Users\Christopher PS\AppData\Local\Programs\MiKTeX\tex/generic/pgf/utilitie
s\pgfrcs.code.tex
(C:\Users\Christopher PS\AppData\Local\Programs\MiKTeX\tex/generic/pgf\pgf.revi
sion.tex)
Package: pgfrcs 2023-01-15 v3.1.10 (3.1.10)
))
Package: pgf 2023-01-15 v3.1.10 (3.1.10)

(C:\Users\Christopher PS\AppData\Local\Programs\MiKTeX\tex/latex/pgf/basiclayer
\pgfcore.sty
(C:\Users\Christopher PS\AppData\Local\Programs\MiKTeX\tex/latex/pgf/systemlaye
r\pgfsys.sty
(C:\Users\Christopher PS\AppData\Local\Programs\MiKTeX\tex/generic/pgf/systemla
yer\pgfsys.code.tex
Package: pgfsys 2023-01-15 v3.1.10 (3.1.10)

(C:\Users\Christopher PS\AppData\Local\Programs\MiKTeX\tex/generic/pgf/utilitie
s\pgfkeys.code.tex
\pgfkeys@pathtoks=\toks39
\pgfkeys@temptoks=\toks40

(C:\Users\Christopher PS\AppData\Local\Programs\MiKTeX\tex/generic/pgf/utilitie
s\pgfkeyslibraryfiltered.code.tex
\pgfkeys@tmptoks=\toks41
))
\pgf@x=\dimen197
\pgf@y=\dimen198
\pgf@xa=\dimen199
Normal \dimen register pool exhausted, switching to extended pool.
\pgf@ya=\dimen256
\pgf@xb=\dimen257
\pgf@yb=\dimen258
\pgf@xc=\dimen259
\pgf@yc=\dimen260
\pgf@xd=\dimen261
\pgf@yd=\dimen262
\w@pgf@writea=\write3
\r@pgf@reada=\read3
\c@pgf@counta=\count326
\c@pgf@countb=\count327
\c@pgf@countc=\count328
\c@pgf@countd=\count329
\t@pgf@toka=\toks42
\t@pgf@tokb=\toks43
\t@pgf@tokc=\toks44
\pgf@sys@id@count=\count330

(C:\Users\Christopher PS\AppData\Local\Programs\MiKTeX\tex/generic/pgf/systemla
yer\pgf.cfg
File: pgf.cfg 2023-01-15 v3.1.10 (3.1.10)
)
Driver file for pgf: pgfsys-pdftex.def

(C:\Users\Christopher PS\AppData\Local\Programs\MiKTeX\tex/generic/pgf/systemla
yer\pgfsys-pdftex.def
File: pgfsys-pdftex.def 2023-01-15 v3.1.10 (3.1.10)

(C:\Users\Christopher PS\AppData\Local\Programs\MiKTeX\tex/generic/pgf/systemla
yer\pgfsys-common-pdf.def
File: pgfsys-common-pdf.def 2023-01-15 v3.1.10 (3.1.10)
)))
(C:\Users\Christopher PS\AppData\Local\Programs\MiKTeX\tex/generic/pgf/systemla
yer\pgfsyssoftpath.code.tex
File: pgfsyssoftpath.code.tex 2023-01-15 v3.1.10 (3.1.10)
\pgfsyssoftpath@smallbuffer@items=\count331
\pgfsyssoftpath@bigbuffer@items=\count332
)
(C:\Users\Christopher PS\AppData\Local\Programs\MiKTeX\tex/generic/pgf/systemla
yer\pgfsysprotocol.code.tex
File: pgfsysprotocol.code.tex 2023-01-15 v3.1.10 (3.1.10)
))
(C:\Users\Christopher PS\AppData\Local\Programs\MiKTeX\tex/generic/pgf/basiclay
er\pgfcore.code.tex
Package: pgfcore 2023-01-15 v3.1.10 (3.1.10)

(C:\Users\Christopher PS\AppData\Local\Programs\MiKTeX\tex/generic/pgf/math\pgf
math.code.tex
(C:\Users\Christopher PS\AppData\Local\Programs\MiKTeX\tex/generic/pgf/math\pgf
mathutil.code.tex)
(C:\Users\Christopher PS\AppData\Local\Programs\MiKTeX\tex/generic/pgf/math\pgf
mathparser.code.tex
\pgfmath@dimen=\dimen263
\pgfmath@count=\count333
\pgfmath@box=\box107
\pgfmath@toks=\toks45
\pgfmath@stack@operand=\toks46
\pgfmath@stack@operation=\toks47
)
(C:\Users\Christopher PS\AppData\Local\Programs\MiKTeX\tex/generic/pgf/math\pgf
mathfunctions.code.tex)
(C:\Users\Christopher PS\AppData\Local\Programs\MiKTeX\tex/generic/pgf/math\pgf
mathfunctions.basic.code.tex)
(C:\Users\Christopher PS\AppData\Local\Programs\MiKTeX\tex/generic/pgf/math\pgf
mathfunctions.trigonometric.code.tex)
(C:\Users\Christopher PS\AppData\Local\Programs\MiKTeX\tex/generic/pgf/math\pgf
mathfunctions.random.code.tex)
(C:\Users\Christopher PS\AppData\Local\Programs\MiKTeX\tex/generic/pgf/math\pgf
mathfunctions.comparison.code.tex)
(C:\Users\Christopher PS\AppData\Local\Programs\MiKTeX\tex/generic/pgf/math\pgf
mathfunctions.base.code.tex)
(C:\Users\Christopher PS\AppData\Local\Programs\MiKTeX\tex/generic/pgf/math\pgf
mathfunctions.round.code.tex)
(C:\Users\Christopher PS\AppData\Local\Programs\MiKTeX\tex/generic/pgf/math\pgf
mathfunctions.misc.code.tex)
(C:\Users\Christopher PS\AppData\Local\Programs\MiKTeX\tex/generic/pgf/math\pgf
mathfunctions.integerarithmetics.code.tex)
(C:\Users\Christopher PS\AppData\Local\Programs\MiKTeX\tex/generic/pgf/math\pgf
mathcalc.code.tex)
(C:\Users\Christopher PS\AppData\Local\Programs\MiKTeX\tex/generic/pgf/math\pgf
mathfloat.code.tex
\c@pgfmathroundto@lastzeros=\count334
))
(C:\Users\Christopher PS\AppData\Local\Programs\MiKTeX\tex/generic/pgf/math\pgf
int.code.tex)
(C:\Users\Christopher PS\AppData\Local\Programs\MiKTeX\tex/generic/pgf/basiclay
er\pgfcorepoints.code.tex
File: pgfcorepoints.code.tex 2023-01-15 v3.1.10 (3.1.10)
\pgf@picminx=\dimen264
\pgf@picmaxx=\dimen265
\pgf@picminy=\dimen266
\pgf@picmaxy=\dimen267
\pgf@pathminx=\dimen268
\pgf@pathmaxx=\dimen269
\pgf@pathminy=\dimen270
\pgf@pathmaxy=\dimen271
\pgf@xx=\dimen272
\pgf@xy=\dimen273
\pgf@yx=\dimen274
\pgf@yy=\dimen275
\pgf@zx=\dimen276
\pgf@zy=\dimen277
)
(C:\Users\Christopher PS\AppData\Local\Programs\MiKTeX\tex/generic/pgf/basiclay
er\pgfcorepathconstruct.code.tex
File: pgfcorepathconstruct.code.tex 2023-01-15 v3.1.10 (3.1.10)
\pgf@path@lastx=\dimen278
\pgf@path@lasty=\dimen279
)
(C:\Users\Christopher PS\AppData\Local\Programs\MiKTeX\tex/generic/pgf/basiclay
er\pgfcorepathusage.code.tex
File: pgfcorepathusage.code.tex 2023-01-15 v3.1.10 (3.1.10)
\pgf@shorten@end@additional=\dimen280
\pgf@shorten@start@additional=\dimen281
)
(C:\Users\Christopher PS\AppData\Local\Programs\MiKTeX\tex/generic/pgf/basiclay
er\pgfcorescopes.code.tex
File: pgfcorescopes.code.tex 2023-01-15 v3.1.10 (3.1.10)
\pgfpic=\box108
\pgf@hbox=\box109
\pgf@layerbox@main=\box110
\pgf@picture@serial@count=\count335
)
(C:\Users\Christopher PS\AppData\Local\Programs\MiKTeX\tex/generic/pgf/basiclay
er\pgfcoregraphicstate.code.tex
File: pgfcoregraphicstate.code.tex 2023-01-15 v3.1.10 (3.1.10)
\pgflinewidth=\dimen282
)
(C:\Users\Christopher PS\AppData\Local\Programs\MiKTeX\tex/generic/pgf/basiclay
er\pgfcoretransformations.code.tex
File: pgfcoretransformations.code.tex 2023-01-15 v3.1.10 (3.1.10)
\pgf@pt@x=\dimen283
\pgf@pt@y=\dimen284
\pgf@pt@temp=\dimen285
)
(C:\Users\Christopher PS\AppData\Local\Programs\MiKTeX\tex/generic/pgf/basiclay
er\pgfcorequick.code.tex
File: pgfcorequick.code.tex 2023-01-15 v3.1.10 (3.1.10)
)
(C:\Users\Christopher PS\AppData\Local\Programs\MiKTeX\tex/generic/pgf/basiclay
er\pgfcoreobjects.code.tex
File: pgfcoreobjects.code.tex 2023-01-15 v3.1.10 (3.1.10)
)
(C:\Users\Christopher PS\AppData\Local\Programs\MiKTeX\tex/generic/pgf/basiclay
er\pgfcorepathprocessing.code.tex
File: pgfcorepathprocessing.code.tex 2023-01-15 v3.1.10 (3.1.10)
)
(C:\Users\Christopher PS\AppData\Local\Programs\MiKTeX\tex/generic/pgf/basiclay
er\pgfcorearrows.code.tex
File: pgfcorearrows.code.tex 2023-01-15 v3.1.10 (3.1.10)
\pgfarrowsep=\dimen286
)
(C:\Users\Christopher PS\AppData\Local\Programs\MiKTeX\tex/generic/pgf/basiclay
er\pgfcoreshade.code.tex
File: pgfcoreshade.code.tex 2023-01-15 v3.1.10 (3.1.10)
\pgf@max=\dimen287
\pgf@sys@shading@range@num=\count336
\pgf@shadingcount=\count337
)
(C:\Users\Christopher PS\AppData\Local\Programs\MiKTeX\tex/generic/pgf/basiclay
er\pgfcoreimage.code.tex
File: pgfcoreimage.code.tex 2023-01-15 v3.1.10 (3.1.10)
)
(C:\Users\Christopher PS\AppData\Local\Programs\MiKTeX\tex/generic/pgf/basiclay
er\pgfcoreexternal.code.tex
File: pgfcoreexternal.code.tex 2023-01-15 v3.1.10 (3.1.10)
\pgfexternal@startupbox=\box111
)
(C:\Users\Christopher PS\AppData\Local\Programs\MiKTeX\tex/generic/pgf/basiclay
er\pgfcorelayers.code.tex
File: pgfcorelayers.code.tex 2023-01-15 v3.1.10 (3.1.10)
)
(C:\Users\Christopher PS\AppData\Local\Programs\MiKTeX\tex/generic/pgf/basiclay
er\pgfcoretransparency.code.tex
File: pgfcoretransparency.code.tex 2023-01-15 v3.1.10 (3.1.10)
)
(C:\Users\Christopher PS\AppData\Local\Programs\MiKTeX\tex/generic/pgf/basiclay
er\pgfcorepatterns.code.tex
File: pgfcorepatterns.code.tex 2023-01-15 v3.1.10 (3.1.10)
)
(C:\Users\Christopher PS\AppData\Local\Programs\MiKTeX\tex/generic/pgf/basiclay
er\pgfcorerdf.code.tex
File: pgfcorerdf.code.tex 2023-01-15 v3.1.10 (3.1.10)
)))
(C:\Users\Christopher PS\AppData\Local\Programs\MiKTeX\tex/generic/pgf/modules\
pgfmoduleshapes.code.tex
File: pgfmoduleshapes.code.tex 2023-01-15 v3.1.10 (3.1.10)
\pgfnodeparttextbox=\box112
)
(C:\Users\Christopher PS\AppData\Local\Programs\MiKTeX\tex/generic/pgf/modules\
pgfmoduleplot.code.tex
File: pgfmoduleplot.code.tex 2023-01-15 v3.1.10 (3.1.10)
)
(C:\Users\Christopher PS\AppData\Local\Programs\MiKTeX\tex/latex/pgf/compatibil
ity\pgfcomp-version-0-65.sty
Package: pgfcomp-version-0-65 2023-01-15 v3.1.10 (3.1.10)
\pgf@nodesepstart=\dimen288
\pgf@nodesepend=\dimen289
)
(C:\Users\Christopher PS\AppData\Local\Programs\MiKTeX\tex/latex/pgf/compatibil
ity\pgfcomp-version-1-18.sty
Package: pgfcomp-version-1-18 2023-01-15 v3.1.10 (3.1.10)
))
(C:\Users\Christopher PS\AppData\Local\Programs\MiKTeX\tex/latex/tools\verbatim
.sty
Package: verbatim 2023-11-06 v1.5v LaTeX2e package for verbatim enhancements
\every@verbatim=\toks48
\verbatim@line=\toks49
\verbatim@in@stream=\read4
)
(C:\Users\Christopher PS\AppData\Local\Programs\MiKTeX\tex/latex/environ\enviro
n.sty
Package: environ 2014/05/04 v0.3 A new way to define environments

(C:\Users\Christopher PS\AppData\Local\Programs\MiKTeX\tex/latex/trimspaces\tri
mspaces.sty
Package: trimspaces 2009/09/17 v1.1 Trim spaces around a token list
)
\@envbody=\toks50
)
\tcb@titlebox=\box113
\tcb@upperbox=\box114
\tcb@lowerbox=\box115
\tcb@phantombox=\box116
\c@tcbbreakpart=\count338
\c@tcblayer=\count339
\c@tcolorbox@number=\count340
\l__tcobox_tmpa_box=\box117
\l__tcobox_tmpa_dim=\dimen290
\tcb@temp=\box118
\tcb@temp=\box119
\tcb@temp=\box120
\tcb@temp=\box121
)
(C:\Users\Christopher PS\AppData\Local\Programs\MiKTeX\tex/latex/varwidth\varwi
dth.sty
Package: varwidth 2009/03/30 ver 0.92;  Variable-width minipages
\@vwid@box=\box122
\sift@deathcycles=\count341
\@vwid@loff=\dimen291
\@vwid@roff=\dimen292
)
(C:\Users\Christopher PS\AppData\Local\Programs\MiKTeX\tex/latex/tools\dcolumn.
sty
Package: dcolumn 2023/07/08 v1.06 decimal alignment package (DPC)
)
(C:\Users\Christopher PS\AppData\Local\Programs\MiKTeX\tex/latex/base\fontenc.s
ty
Package: fontenc 2021/04/29 v2.0v Standard LaTeX package
)
(C:\Users\Christopher PS\AppData\Local\Programs\MiKTeX\tex/fonts/stix2-type1\st
ix2.sty
Package: stix2 2021/01/14 v2.0.2-latex STIX Two fonts support package

(C:\Users\Christopher PS\AppData\Local\Programs\MiKTeX\tex/latex/base\textcomp.
sty
Package: textcomp 2020/02/02 v2.0n Standard LaTeX package
LaTeX Font Info:    Changing ? sub-encoding to TS1/0 on input line 78.
)
Now handling font encoding LS1 ...
... no UTF-8 mapping file for font encoding LS1
Now handling font encoding LS2 ...
... no UTF-8 mapping file for font encoding LS2
LaTeX Font Info:    Redeclaring symbol font `letters' on input line 78.
LaTeX Font Info:    Encoding `OML' has changed to `LS1' for symbol font
(Font)              `letters' in the math version `normal' on input line 78.
LaTeX Font Info:    Overwriting symbol font `letters' in version `normal'
(Font)                  OML/cmm/m/it --> LS1/stix2/m/it on input line 78.
LaTeX Font Info:    Encoding `OML' has changed to `LS1' for symbol font
(Font)              `letters' in the math version `bold' on input line 78.
LaTeX Font Info:    Overwriting symbol font `letters' in version `bold'
(Font)                  OML/cmm/b/it --> LS1/stix2/m/it on input line 78.
LaTeX Font Info:    Redeclaring symbol font `operators' on input line 79.
LaTeX Font Info:    Encoding `OT1' has changed to `LS1' for symbol font
(Font)              `operators' in the math version `normal' on input line 79.
LaTeX Font Info:    Overwriting symbol font `operators' in version `normal'
(Font)                  OT1/cmr/m/n --> LS1/stix2/m/n on input line 79.
LaTeX Font Info:    Encoding `OT1' has changed to `LS1' for symbol font
(Font)              `operators' in the math version `bold' on input line 79.
LaTeX Font Info:    Overwriting symbol font `operators' in version `bold'
(Font)                  OT1/cmr/bx/n --> LS1/stix2/m/n on input line 79.
\symbold-operators=\mathgroup4
LaTeX Font Info:    Redeclaring symbol font `symbols' on input line 81.
LaTeX Font Info:    Encoding `OMS' has changed to `LS1' for symbol font
(Font)              `symbols' in the math version `normal' on input line 81.
LaTeX Font Info:    Overwriting symbol font `symbols' in version `normal'
(Font)                  OMS/cmsy/m/n --> LS1/stix2scr/m/n on input line 81.
LaTeX Font Info:    Encoding `OMS' has changed to `LS1' for symbol font
(Font)              `symbols' in the math version `bold' on input line 81.
LaTeX Font Info:    Overwriting symbol font `symbols' in version `bold'
(Font)                  OMS/cmsy/b/n --> LS1/stix2scr/m/n on input line 81.
\symsymbols2=\mathgroup5
\symsymbols3=\mathgroup6
\symsymbols4=\mathgroup7
\symintegrals=\mathgroup8
LaTeX Font Info:    Redeclaring symbol font `largesymbols' on input line 86.
LaTeX Font Info:    Encoding `OMX' has changed to `LS2' for symbol font
(Font)              `largesymbols' in the math version `normal' on input line 8
6.
LaTeX Font Info:    Overwriting symbol font `largesymbols' in version `normal'
(Font)                  OMX/cmex/m/n --> LS2/stix2ex/m/n on input line 86.
LaTeX Font Info:    Encoding `OMX' has changed to `LS2' for symbol font
(Font)              `largesymbols' in the math version `bold' on input line 86.

LaTeX Font Info:    Overwriting symbol font `largesymbols' in version `bold'
(Font)                  OMX/cmex/m/n --> LS2/stix2ex/m/n on input line 86.
\symarrows1=\mathgroup9
\symarrows2=\mathgroup10
\symarrows3=\mathgroup11
LaTeX Font Info:    Overwriting symbol font `letters' in version `bold'
(Font)                  LS1/stix2/m/it --> LS1/stix2/b/it on input line 90.
LaTeX Font Info:    Overwriting symbol font `operators' in version `bold'
(Font)                  LS1/stix2/m/n --> LS1/stix2/b/n on input line 91.
LaTeX Font Info:    Overwriting symbol font `symbols' in version `bold'
(Font)                  LS1/stix2scr/m/n --> LS1/stix2scr/b/n on input line 92.

LaTeX Font Info:    Overwriting symbol font `symbols2' in version `bold'
(Font)                  LS1/stix2frak/m/n --> LS1/stix2frak/b/n on input line 9
3.
LaTeX Font Info:    Overwriting symbol font `symbols3' in version `bold'
(Font)                  LS1/stix2bb/m/n --> LS1/stix2bb/b/n on input line 94.
LaTeX Font Info:    Overwriting symbol font `symbols4' in version `bold'
(Font)                  LS1/stix2bb/m/it --> LS1/stix2bb/b/it on input line 95.

LaTeX Font Info:    Overwriting symbol font `integrals' in version `bold'
(Font)                  LS2/stix2cal/m/n --> LS2/stix2cal/b/n on input line 96.

LaTeX Font Info:    Overwriting symbol font `largesymbols' in version `bold'
(Font)                  LS2/stix2ex/m/n --> LS2/stix2ex/b/n on input line 97.
LaTeX Font Info:    Overwriting symbol font `arrows1' in version `bold'
(Font)                  LS1/stix2sf/m/n --> LS1/stix2sf/b/n on input line 98.
LaTeX Font Info:    Overwriting symbol font `arrows2' in version `bold'
(Font)                  LS1/stix2sf/m/it --> LS1/stix2sf/b/it on input line 99.

LaTeX Font Info:    Overwriting symbol font `arrows3' in version `bold'
(Font)                  LS2/stix2tt/m/n --> LS2/stix2tt/b/n on input line 100.
LaTeX Font Info:    Redeclaring math alphabet \mathit on input line 101.
LaTeX Font Info:    Redeclaring math alphabet \mathsf on input line 107.
LaTeX Font Info:    Redeclaring math alphabet \mathtt on input line 109.
LaTeX Font Info:    Redeclaring math alphabet \mathbf on input line 110.
LaTeX Font Info:    Redeclaring math symbol \hbar on input line 226.
LaTeX Font Info:    Redeclaring math accent \grave on input line 697.
LaTeX Font Info:    Redeclaring math accent \acute on input line 698.
LaTeX Font Info:    Redeclaring math accent \hat on input line 699.
LaTeX Font Info:    Redeclaring math accent \tilde on input line 700.
LaTeX Font Info:    Redeclaring math accent \bar on input line 701.
LaTeX Font Info:    Redeclaring math accent \breve on input line 702.
LaTeX Font Info:    Redeclaring math accent \dot on input line 703.
LaTeX Font Info:    Redeclaring math accent \ddot on input line 704.
LaTeX Font Info:    Redeclaring math accent \mathring on input line 706.
LaTeX Font Info:    Redeclaring math accent \check on input line 707.
LaTeX Font Info:    Redeclaring math accent \vec on input line 715.
LaTeX Font Info:    Redeclaring math accent \widehat on input line 727.
LaTeX Font Info:    Redeclaring math accent \widetilde on input line 728.
LaTeX Info: Redefining \vdots on input line 1517.
LaTeX Info: Redefining \cdots on input line 1521.
LaTeX Font Info:    Redeclaring math symbol \mathsterling on input line 1977.
LaTeX Info: Redefining \not on input line 2141.
)
(C:\Users\Christopher PS\AppData\Local\Programs\MiKTeX\tex/latex/microtype\micr
otype.sty
Package: microtype 2025/07/09 v3.2b Micro-typographical refinements (RS)
\MT@toks=\toks51
\MT@tempbox=\box123
\MT@count=\count342
LaTeX Info: Redefining \noprotrusionifhmode on input line 1087.
LaTeX Info: Redefining \leftprotrusion on input line 1088.
\MT@prot@toks=\toks52
LaTeX Info: Redefining \rightprotrusion on input line 1107.
LaTeX Info: Redefining \textls on input line 1449.
\MT@outer@kern=\dimen293
LaTeX Info: Redefining \microtypecontext on input line 2053.
LaTeX Info: Redefining \textmicrotypecontext on input line 2070.
\MT@listname@count=\count343

(C:\Users\Christopher PS\AppData\Local\Programs\MiKTeX\tex/latex/microtype\micr
otype-pdftex.def
File: microtype-pdftex.def 2025/07/09 v3.2b Definitions specific to pdftex (RS)

LaTeX Info: Redefining \lsstyle on input line 944.
LaTeX Info: Redefining \lslig on input line 944.
\MT@outer@space=\skip70
)
Package microtype Info: Loading configuration file microtype.cfg.

(C:\Users\Christopher PS\AppData\Local\Programs\MiKTeX\tex/latex/microtype\micr
otype.cfg
File: microtype.cfg 2025/07/09 v3.2b microtype main configuration file (RS)
)
LaTeX Info: Redefining \microtypesetup on input line 3065.
)
(C:\Users\Christopher PS\AppData\Local\Programs\MiKTeX\tex/latex/geometry\geome
try.sty
Package: geometry 2020/01/02 v5.9 Page Geometry

(C:\Users\Christopher PS\AppData\Local\Programs\MiKTeX\tex/generic/iftex\ifvtex
.sty
Package: ifvtex 2019/10/25 v1.7 ifvtex legacy package. Use iftex instead.
)
\Gm@cnth=\count344
\Gm@cntv=\count345
\c@Gm@tempcnt=\count346
\Gm@bindingoffset=\dimen294
\Gm@wd@mp=\dimen295
\Gm@odd@mp=\dimen296
\Gm@even@mp=\dimen297
\Gm@layoutwidth=\dimen298
\Gm@layoutheight=\dimen299
\Gm@layouthoffset=\dimen300
\Gm@layoutvoffset=\dimen301
\Gm@dimlist=\toks53

(C:\Users\Christopher PS\AppData\Local\Programs\MiKTeX\tex/latex/geometry\geome
try.cfg))
\parindentvalue=\dimen302
\pageheight=\dimen303
\rulecount=\count347
\leftcolrulepos=\dimen304
\rightcolrulepos=\dimen305
\artopleftskipdim=\dimen306
\@xmlpage=\write4
\c@spagecounter=\count348
\c@lpagecounter=\count349
LaTeX Info: Redefining \rm on input line 688.
LaTeX Info: Redefining \sf on input line 689.
LaTeX Info: Redefining \tt on input line 690.
LaTeX Info: Redefining \bf on input line 691.
LaTeX Info: Redefining \it on input line 692.
LaTeX Info: Redefining \em on input line 693.
LaTeX Info: Redefining \sl on input line 694.
LaTeX Info: Redefining \sc on input line 695.
LaTeX Info: Redefining \cal on input line 696.
LaTeX Info: Redefining \mit on input line 697.
\corrauthcount=\count350
\authfncnt=\count351
\authfnTmpCnt=\count352
\aufootnotemark=\box124
\authmarkbox=\box125
\c@affn=\count353
\addcount=\count354
\c@lastauthor=\count355
\emailcount=\count356
\foot@titlepage@raise@skip=\skip71
\lastauthorcnt=\count357
\JELinfocount=\count358
\commaJELinfocount=\count359
\JELinfotempcount=\count360
\tempJELinfocount=\count361
\abs@boxa=\box126
\abs@boxb=\box127
\abs@boxc=\box128
\abs@dima=\dimen307
\abs@dimb=\dimen308
\abs@dimc=\dimen309
\adjtitleskip=\skip72

(C:\Users\Christopher PS\AppData\Local\Programs\MiKTeX\tex/latex/tikzpagenodes\
tikzpagenodes.sty
Package: tikzpagenodes 2012/09/16 v1.1 Special PGF/TikZ nodes for areas of the 
page

(C:\Users\Christopher PS\AppData\Local\Programs\MiKTeX\tex/latex/pgf/frontendla
yer\tikz.sty
(C:\Users\Christopher PS\AppData\Local\Programs\MiKTeX\tex/latex/pgf/utilities\
pgffor.sty
(C:\Users\Christopher PS\AppData\Local\Programs\MiKTeX\tex/latex/pgf/utilities\
pgfkeys.sty
(C:\Users\Christopher PS\AppData\Local\Programs\MiKTeX\tex/generic/pgf/utilitie
s\pgfkeys.code.tex))
(C:\Users\Christopher PS\AppData\Local\Programs\MiKTeX\tex/latex/pgf/math\pgfma
th.sty
(C:\Users\Christopher PS\AppData\Local\Programs\MiKTeX\tex/generic/pgf/math\pgf
math.code.tex))
(C:\Users\Christopher PS\AppData\Local\Programs\MiKTeX\tex/generic/pgf/utilitie
s\pgffor.code.tex
Package: pgffor 2023-01-15 v3.1.10 (3.1.10)
\pgffor@iter=\dimen310
\pgffor@skip=\dimen311
\pgffor@stack=\toks54
\pgffor@toks=\toks55
))
(C:\Users\Christopher PS\AppData\Local\Programs\MiKTeX\tex/generic/pgf/frontend
layer/tikz\tikz.code.tex
Package: tikz 2023-01-15 v3.1.10 (3.1.10)

(C:\Users\Christopher PS\AppData\Local\Programs\MiKTeX\tex/generic/pgf/librarie
s\pgflibraryplothandlers.code.tex
File: pgflibraryplothandlers.code.tex 2023-01-15 v3.1.10 (3.1.10)
\pgf@plot@mark@count=\count362
\pgfplotmarksize=\dimen312
)
\tikz@lastx=\dimen313
\tikz@lasty=\dimen314
\tikz@lastxsaved=\dimen315
\tikz@lastysaved=\dimen316
\tikz@lastmovetox=\dimen317
\tikz@lastmovetoy=\dimen318
\tikzleveldistance=\dimen319
\tikzsiblingdistance=\dimen320
\tikz@figbox=\box129
\tikz@figbox@bg=\box130
\tikz@tempbox=\box131
\tikz@tempbox@bg=\box132
\tikztreelevel=\count363
\tikznumberofchildren=\count364
\tikznumberofcurrentchild=\count365
\tikz@fig@count=\count366

(C:\Users\Christopher PS\AppData\Local\Programs\MiKTeX\tex/generic/pgf/modules\
pgfmodulematrix.code.tex
File: pgfmodulematrix.code.tex 2023-01-15 v3.1.10 (3.1.10)
\pgfmatrixcurrentrow=\count367
\pgfmatrixcurrentcolumn=\count368
\pgf@matrix@numberofcolumns=\count369
)
\tikz@expandcount=\count370

(C:\Users\Christopher PS\AppData\Local\Programs\MiKTeX\tex/generic/pgf/frontend
layer/tikz/libraries\tikzlibrarytopaths.code.tex
File: tikzlibrarytopaths.code.tex 2023-01-15 v3.1.10 (3.1.10)
)))
(C:\Users\Christopher PS\AppData\Local\Programs\MiKTeX\tex/latex/ifoddpage\ifod
dpage.sty
Package: ifoddpage 2022/10/18 v1.2 Conditionals for odd/even page detection
\c@checkoddpage=\count371
LaTeX Info: Redefining \checkoddpage on input line 45.
))
\c@chapter=\count372
\secruleskip=\skip73
\rhverticalsep=\skip74
 (NJDnatbib.sty
Package: NJDnatbib 2010/09/13 8.31b (PWD, AO)
\bibhang=\skip75
\bibsep=\skip76
LaTeX Info: Redefining \cite on input line 700.
\c@NAT@ctr=\count373
)
\c@scheme=\count374

(C:\Users\Christopher PS\AppData\Local\Programs\MiKTeX\tex/latex/booktabs\bookt
abs.sty
Package: booktabs 2020/01/12 v1.61803398 Publication quality tables
\heavyrulewidth=\dimen321
\lightrulewidth=\dimen322
\cmidrulewidth=\dimen323
\belowrulesep=\dimen324
\belowbottomsep=\dimen325
\aboverulesep=\dimen326
\abovetopsep=\dimen327
\cmidrulesep=\dimen328
\cmidrulekern=\dimen329
\defaultaddspace=\dimen330
\@cmidla=\count375
\@cmidlb=\count376
\@aboverulesep=\dimen331
\@belowrulesep=\dimen332
\@thisruleclass=\count377
\@lastruleclass=\count378
\@thisrulewidth=\dimen333
)
(C:\Users\Christopher PS\AppData\Local\Programs\MiKTeX\tex/latex/amsmath\amsmat
h.sty
Package: amsmath 2023/05/13 v2.17o AMS math features
\@mathmargin=\skip77

For additional information on amsmath, use the `?' option.

(C:\Users\Christopher PS\AppData\Local\Programs\MiKTeX\tex/latex/amsmath\amstex
t.sty
Package: amstext 2021/08/26 v2.01 AMS text

(C:\Users\Christopher PS\AppData\Local\Programs\MiKTeX\tex/latex/amsmath\amsgen
.sty
File: amsgen.sty 1999/11/30 v2.0 generic functions
\@emptytoks=\toks56
\ex@=\dimen334
))
(C:\Users\Christopher PS\AppData\Local\Programs\MiKTeX\tex/latex/amsmath\amsbsy
.sty
Package: amsbsy 1999/11/29 v1.2d Bold Symbols
\pmbraise@=\dimen335
)
(C:\Users\Christopher PS\AppData\Local\Programs\MiKTeX\tex/latex/amsmath\amsopn
.sty
Package: amsopn 2022/04/08 v2.04 operator names
)
\inf@bad=\count379
LaTeX Info: Redefining \frac on input line 234.
\uproot@=\count380
\leftroot@=\count381
LaTeX Info: Redefining \overline on input line 399.
LaTeX Info: Redefining \colon on input line 410.
\classnum@=\count382
\DOTSCASE@=\count383
LaTeX Info: Redefining \ldots on input line 496.
LaTeX Info: Redefining \dots on input line 499.
\Mathstrutbox@=\box133
\strutbox@=\box134
LaTeX Info: Redefining \big on input line 722.
LaTeX Info: Redefining \Big on input line 723.
LaTeX Info: Redefining \bigg on input line 724.
LaTeX Info: Redefining \Bigg on input line 725.
\big@size=\dimen336
LaTeX Font Info:    Redeclaring font encoding OML on input line 743.
LaTeX Font Info:    Redeclaring font encoding OMS on input line 744.
\macc@depth=\count384
LaTeX Info: Redefining \bmod on input line 905.
LaTeX Info: Redefining \pmod on input line 910.
LaTeX Info: Redefining \smash on input line 940.
\c@MaxMatrixCols=\count385
\dotsspace@=\muskip17
\c@parentequation=\count386
\dspbrk@lvl=\count387
\tag@help=\toks57
\row@=\count388
\column@=\count389
\maxfields@=\count390
\andhelp@=\toks58
\eqnshift@=\dimen337
\alignsep@=\dimen338
\tagshift@=\dimen339
\tagwidth@=\dimen340
\totwidth@=\dimen341
\lineht@=\dimen342
\@envbody=\toks59
\multlinegap=\skip78
\multlinetaggap=\skip79
\mathdisplay@stack=\toks60
LaTeX Info: Redefining \[ on input line 2953.
LaTeX Info: Redefining \] on input line 2954.
)
(C:\Users\Christopher PS\AppData\Local\Programs\MiKTeX\tex/latex/amscls\amsthm.
sty
Package: amsthm 2020/05/29 v2.20.6
\thm@style=\toks61
\thm@bodyfont=\toks62
\thm@headfont=\toks63
\thm@notefont=\toks64
\thm@headpunct=\toks65
\thm@preskip=\skip80
\thm@postskip=\skip81
\thm@headsep=\skip82
\dth@everypar=\toks66
)
(C:\Users\Christopher PS\AppData\Local\Programs\MiKTeX\tex/latex/boites\boites.
sty
File: boites.sty 
Package: boites 2013/11/21 v1.1 Colored, framed and breakable across pages boxe
s
\bk@bxb=\box135
\bk@bxa=\box136
\bk@lcnt=\count391
) (amssymb.sty
Package: amssymb 2013/01/14 v3.01 AMS font symbols

(C:\Users\Christopher PS\AppData\Local\Programs\MiKTeX\tex/latex/amsfonts\amsfo
nts.sty
Package: amsfonts 2013/01/14 v3.01 Basic AMSFonts support
\symAMSa=\mathgroup12
\symAMSb=\mathgroup13
)

Package amssymb Warning: The 'amssymb' package is redundant when you are using 
the 'stix' package, so I'm not going to load amssymb.

)
\c@theorem=\count392
\c@construction=\count393
\c@estimate=\count394
\c@lemma=\count395
\c@corollary=\count396
\c@result=\count397
\c@algth=\count398
\c@proposition=\count399
\c@hypothesis=\count400
\c@experiment=\count401
\c@LWrule=\count402
\c@procedure=\count403
\c@assertion=\count404
\c@axiom=\count405
\c@conjecture=\count406
\c@criterion=\count407
\c@reduction=\count408
\c@sublemma=\count409
\c@case=\count410
\c@remark=\count411
\c@notation=\count412
\c@answer=\count413
\c@base=\count414
\c@claim=\count415
\c@ccomment=\count416
\c@subproof=\count417
\c@conclusion=\count418
\c@observation=\count419
\c@subcase=\count420
\c@step=\count421
\c@summary=\count422
\c@definition=\count423
\c@condition=\count424
\c@property=\count425
\c@problem=\count426
\c@fact=\count427
\c@assumption=\count428
\c@eexample=\count429
\c@model=\count430
\c@affirmation=\count431
\c@application=\count432
\c@convention=\count433
\c@discussion=\count434
\c@exercise=\count435
\c@question=\count436
\c@scholium=\count437
\c@terminology=\count438
\c@printcitcnt=\count439
\c@@pps=\count440
\c@@ppsavesec=\count441
\c@@ppsaveapp=\count442
\labelwidthi=\dimen343
\labelwidthii=\dimen344
\labelwidthiii=\dimen345
\labelwidthiv=\dimen346
\@maxlistdepth=\count443
 (algorithm.sty
Package: algorithm 2009/08/24 v0.1 Document Style `algorithm' - floating enviro
nment
\@float@every@algorithm=\toks67
\c@algorithm=\count444
) (algorithmicx.sty
Package: algorithmicx 2005/04/27 v1.2 Algorithmicx

Document Style algorithmicx 1.2 - a greatly improved `algorithmic' style
\c@ALG@line=\count445
\c@ALG@rem=\count446
\c@ALG@nested=\count447
\ALG@tlm=\skip83
\ALG@thistlm=\skip84
\c@ALG@Lnr=\count448
\c@ALG@blocknr=\count449
\c@ALG@storecount=\count450
\c@ALG@tmpcounter=\count451
\ALG@tmplength=\skip85
)
(C:\Users\Christopher PS\AppData\Local\Programs\MiKTeX\tex/latex/algorithmicx\a
lgpseudocode.sty
Package: algpseudocode 

Document Style - pseudocode environments for use with the `algorithmicx' style
)
(C:\Users\Christopher PS\AppData\Local\Programs\MiKTeX\tex/latex/listings\listi
ngs.sty
\lst@mode=\count452
\lst@gtempboxa=\box137
\lst@token=\toks68
\lst@length=\count453
\lst@currlwidth=\dimen347
\lst@column=\count454
\lst@pos=\count455
\lst@lostspace=\dimen348
\lst@width=\dimen349
\lst@newlines=\count456
\lst@lineno=\count457
\lst@maxwidth=\dimen350

(C:\Users\Christopher PS\AppData\Local\Programs\MiKTeX\tex/latex/listings\lstmi
sc.sty
File: lstmisc.sty 2023/02/27 1.9 (Carsten Heinz)
\c@lstnumber=\count458
\lst@skipnumbers=\count459
\lst@framebox=\box138
)
(C:\Users\Christopher PS\AppData\Local\Programs\MiKTeX\tex/latex/listings\listi
ngs.cfg
File: listings.cfg 2023/02/27 1.9 listings configuration
))
Package: listings 2023/02/27 1.9 (Carsten Heinz)

(C:\Users\Christopher PS\AppData\Local\Programs\MiKTeX\tex/latex/base\alltt.sty
Package: alltt 2021/01/29 v2.0g defines alltt environment
)
\jnlcitationbox=\box139
\jnlcithsize=\dimen351

(C:\Users\Christopher PS\AppData\Local\Programs\MiKTeX\tex/latex/wrapfig\wrapfi
g.sty
\wrapoverhang=\dimen352
\WF@size=\dimen353
\c@WF@wrappedlines=\count460
\WF@box=\box140
\WF@everypar=\toks69
Package: wrapfig 2003/01/31  v 3.6
)
\wraplines=\count461
\@authorfigbox=\box141
\@authorfigboxdim=\skip86
\biofigadjskip=\skip87

(C:\Users\Christopher PS\AppData\Local\Programs\MiKTeX\tex/latex/tools\afterpag
e.sty
Package: afterpage 2023/07/04 v1.08 After-Page Package (DPC)
\AP@output=\toks70
\AP@partial=\box142
\AP@footins=\box143
))
(C:\Users\Christopher PS\AppData\Local\Programs\MiKTeX\tex/latex/anyfontsize\an
yfontsize.sty
Package: anyfontsize 2007/11/22 anyfontsize.sty by pts
)
(C:\Users\Christopher PS\AppData\Local\Programs\MiKTeX\tex/latex/colortbl\color
tbl.sty
Package: colortbl 2024/10/29 v1.0k Color table columns (DPC)
\everycr=\toks71
\minrowclearance=\skip88
\rownum=\count462
)
(C:\Users\Christopher PS\AppData\Local\Programs\MiKTeX\tex/latex/steinmetz\stei
nmetz.sty
Package: steinmetz 2009/06/14 v1.0 Steinmetz symbol for electrotechnics

(C:\Users\Christopher PS\AppData\Local\Programs\MiKTeX\tex/latex/pict2e\pict2e.
sty
Package: pict2e 2020/09/30 v0.4b Improved picture commands (HjG,RN,JT)

(C:\Users\Christopher PS\AppData\Local\Programs\MiKTeX\tex/latex/pict2e\pict2e.
cfg
File: pict2e.cfg 2016/02/05 v0.1u pict2e configuration for teTeX/TeXLive
)
Package pict2e Info: Driver file: pdftex.def on input line 112.
Package pict2e Info: Driver file for pict2e: p2e-pdftex.def on input line 114.

(C:\Users\Christopher PS\AppData\Local\Programs\MiKTeX\tex/latex/pict2e\p2e-pdf
tex.def
File: p2e-pdftex.def 2016/02/05 v0.1u Driver-dependant file (RN,HjG,JT)
)
\pIIe@GRAPH=\toks72
\@arclen=\dimen354
\@arcrad=\dimen355
\pIIe@tempdima=\dimen356
\pIIe@tempdimb=\dimen357
\pIIe@tempdimc=\dimen358
\pIIe@tempdimd=\dimen359
\pIIe@tempdime=\dimen360
\pIIe@tempdimf=\dimen361
)
\stm@phasebox=\box144
\stm@phasedp=\skip89
\stm@phaseht=\skip90
\stm@phasetot=\skip91
\stm@phasewd=\skip92
)
(C:\Users\Christopher PS\AppData\Local\Programs\MiKTeX\tex/latex/base\inputenc.
sty
Package: inputenc 2021/02/14 v1.3d Input encoding file
\inpenc@prehook=\toks73
\inpenc@posthook=\toks74
)
(C:\Users\Christopher PS\AppData\Local\Programs\MiKTeX\tex/latex/base\fontenc.s
ty
Package: fontenc 2021/04/29 v2.0v Standard LaTeX package
LaTeX Font Info:    Trying to load font information for T1+stix2 on input line 
112.

(C:\Users\Christopher PS\AppData\Local\Programs\MiKTeX\tex/fonts/stix2-type1\t1
stix2.fd
File: t1stix2.fd 2018/04/02 v2.0.0-latex stix2 T1 font definitions
))
(C:\Users\Christopher PS\AppData\Local\Programs\MiKTeX\tex/latex/l3backend\l3ba
ckend-pdftex.def
File: l3backend-pdftex.def 2024-01-04 L3 backend support: PDF output (pdfTeX)
\l__color_backend_stack_int=\count463
\l__pdf_internal_box=\box145
)

LaTeX Warning: Unused global option(s):
    [ASNA,twocolumn].

(Optimal-Design-layout.aux)
\openout1 = `Optimal-Design-layout.aux'.

LaTeX Font Info:    Checking defaults for OML/cmm/m/it on input line 23.
LaTeX Font Info:    ... okay on input line 23.
LaTeX Font Info:    Checking defaults for OMS/cmsy/m/n on input line 23.
LaTeX Font Info:    ... okay on input line 23.
LaTeX Font Info:    Checking defaults for OT1/cmr/m/n on input line 23.
LaTeX Font Info:    ... okay on input line 23.
LaTeX Font Info:    Checking defaults for T1/cmr/m/n on input line 23.
LaTeX Font Info:    ... okay on input line 23.
LaTeX Font Info:    Checking defaults for TS1/cmr/m/n on input line 23.
LaTeX Font Info:    ... okay on input line 23.
LaTeX Font Info:    Checking defaults for OMX/cmex/m/n on input line 23.
LaTeX Font Info:    ... okay on input line 23.
LaTeX Font Info:    Checking defaults for U/cmr/m/n on input line 23.
LaTeX Font Info:    ... okay on input line 23.
LaTeX Font Info:    Checking defaults for PD1/pdf/m/n on input line 23.
LaTeX Font Info:    ... okay on input line 23.
LaTeX Font Info:    Checking defaults for PU/pdf/m/n on input line 23.
LaTeX Font Info:    ... okay on input line 23.
LaTeX Font Info:    Checking defaults for LS1/stix2/m/n on input line 23.
LaTeX Font Info:    Trying to load font information for LS1+stix2 on input line
 23.

(C:\Users\Christopher PS\AppData\Local\Programs\MiKTeX\tex/fonts/stix2-type1\ls
1stix2.fd
File: ls1stix2.fd 2018/04/02 v2.0.0-latex stix2 LS1 font definitions
)
LaTeX Font Info:    ... okay on input line 23.
LaTeX Font Info:    Checking defaults for LS2/stix2/m/n on input line 23.
LaTeX Font Info:    Trying to load font information for LS2+stix2 on input line
 23.

(C:\Users\Christopher PS\AppData\Local\Programs\MiKTeX\tex/fonts/stix2-type1\ls
2stix2.fd
File: ls2stix2.fd 2018/04/02 v2.0.0-latex stix2 LS2 font definitions
)
LaTeX Font Info:    ... okay on input line 23.

(C:\Users\Christopher PS\AppData\Local\Programs\MiKTeX\tex/context/base/mkii\su
pp-pdf.mkii
[Loading MPS to PDF converter (version 2006.09.02).]
\scratchcounter=\count464
\scratchdimen=\dimen362
\scratchbox=\box146
\nofMPsegments=\count465
\nofMParguments=\count466
\everyMPshowfont=\toks75
\MPscratchCnt=\count467
\MPscratchDim=\dimen363
\MPnumerator=\count468
\makeMPintoPDFobject=\count469
\everyMPtoPDFconversion=\toks76
)
(C:\Users\Christopher PS\AppData\Local\Programs\MiKTeX\tex/latex/epstopdf-pkg\e
pstopdf-base.sty
Package: epstopdf-base 2020-01-24 v2.11 Base part for package epstopdf

(C:\Users\Christopher PS\AppData\Local\Programs\MiKTeX\tex/latex/grfext\grfext.
sty
Package: grfext 2019/12/03 v1.3 Manage graphics extensions (HO)
)
Package epstopdf-base Info: Redefining graphics rule for `.eps' on input line 4
85.
Package grfext Info: Graphics extension search list:
(grfext)             [.pdf,.png,.jpg,.mps,.jpeg,.jbig2,.jb2,.PDF,.PNG,.JPG,.JPE
G,.JBIG2,.JB2,.eps]
(grfext)             \AppendGraphicsExtensions on input line 504.

(C:\Users\Christopher PS\AppData\Local\Programs\MiKTeX\tex/latex/00miktex\epsto
pdf-sys.cfg
File: epstopdf-sys.cfg 2021/03/18 v2.0 Configuration of epstopdf for MiKTeX
))
Package hyperref Info: Link coloring ON on input line 23.
Package caption Info: Begin \AtBeginDocument code.
Package caption Info: subfig package v1.3 is loaded.
Package caption Info: listings package is loaded.
Package caption Info: wrapfig package is loaded.
Package caption Info: End \AtBeginDocument code.
Package microtype Info: Patching varwidth to enable character protrusion.
\MT@vwid@leftmargin=\dimen364
\MT@vwid@rightmargin=\dimen365
LaTeX Info: Redefining \microtypecontext on input line 23.
Package microtype Info: Applying patch `item' on input line 23.
Package microtype Info: Applying patch `toc' on input line 23.
Package microtype Info: Applying patch `eqnum' on input line 23.
Package microtype Info: Applying patch `footnote' on input line 23.
Package microtype Info: Applying patch `verbatim' on input line 23.
LaTeX Info: Redefining \microtypesetup on input line 23.
Package microtype Info: Generating PDF output.
Package microtype Info: Character protrusion enabled (level 2).
Package microtype Info: Using default protrusion set `alltext'.
Package microtype Info: No font expansion.
Package microtype Info: No adjustment of tracking.
Package microtype Info: No adjustment of interword spacing.
Package microtype Info: No adjustment of character kerning.

(C:\Users\Christopher PS\AppData\Local\Programs\MiKTeX\tex/latex/microtype\mt-p
tm.cfg
File: mt-ptm.cfg 2006/04/20 v1.7 microtype config. file: Times (RS)
)
*geometry* driver: auto-detecting
*geometry* detected driver: pdftex
*geometry* verbose mode - [ preamble ] result:
* driver: pdftex
* paper: custom
* layout: <same size as paper>
* layoutoffset:(h,v)=(0.0pt,0.0pt)
* modes: twoside 
* h-part:(L,W,R)=(45.5244pt, 506.45908pt, 45.5244pt)
* v-part:(T,H,B)=(34.1433pt, 665.7945pt, 85.35826pt)
* \paperwidth=597.50787pt
* \paperheight=785.29605pt
* \textwidth=506.45908pt
* \textheight=665.7945pt
* \oddsidemargin=-26.74559pt
* \evensidemargin=-26.74559pt
* \topmargin=-38.1267pt
* \headheight=0.0pt
* \headsep=0.0pt
* \topskip=10.0pt
* \footskip=30.0pt
* \marginparwidth=121.0pt
* \marginparsep=11.0pt
* \columnsep=17.07164pt
* \skip\footins=9.0pt plus 4.0pt minus 2.0pt
* \hoffset=0.0pt
* \voffset=0.0pt
* \mag=1000
* \@twocolumntrue
* \@twosidetrue
* \@mparswitchtrue
* \@reversemarginfalse
* (1in=72.27pt=25.4mm, 1cm=28.453pt)

LaTeX Info: Command `\dddot' is already robust on input line 23.
LaTeX Info: Command `\ddddot' is already robust on input line 23.
\c@lstlisting=\count470
Package epstopdf Info: Source file: <./images/Wiley_logo.eps>
(epstopdf)                    date: 2025-02-03 14:23:07
(epstopdf)                    size: 413570 bytes
(epstopdf)             Output file: <./images/Wiley_logo-eps-converted-to.pdf>
(epstopdf)                    date: 2025-02-03 14:23:07
(epstopdf)                    size: 10191 bytes
(epstopdf)             Command: <miktex-epstopdf --outfile=./images/Wiley_logo-
eps-converted-to.pdf ./images/Wiley_logo.eps>
(epstopdf)             \includegraphics on input line 100.
Package epstopdf Info: Output file is already uptodate.


pdfTeX warning: pdflatex.exe (file ./images/Wiley_logo-eps-converted-to.pdf): P
DF inclusion: found PDF version <1.7>, but at most version <1.5> allowed
<./images/Wiley_logo-eps-converted-to.pdf, id=6, 611.28375pt x 127.47626pt>
File: ./images/Wiley_logo-eps-converted-to.pdf Graphic file (type pdf)
<use ./images/Wiley_logo-eps-converted-to.pdf>
Package pdftex.def Info: ./images/Wiley_logo-eps-converted-to.pdf  used on inpu
t line 100.
(pdftex.def)             Requested size: 75.3998pt x 15.72246pt.
Package epstopdf Info: Source file: <./images/allergy.eps>
(epstopdf)                    date: 2025-02-03 14:23:05
(epstopdf)                    size: 1473554 bytes
(epstopdf)             Output file: <./images/allergy-eps-converted-to.pdf>
(epstopdf)                    date: 2026-03-24 14:20:16
(epstopdf)                    size: 32515 bytes
(epstopdf)             Command: <miktex-epstopdf --outfile=./images/allergy-eps
-converted-to.pdf ./images/allergy.eps>
(epstopdf)             \includegraphics on input line 100.
Package epstopdf Info: Output file is already uptodate.
<./images/allergy-eps-converted-to.pdf, id=7, 159.59625pt x 33.12375pt>
File: ./images/allergy-eps-converted-to.pdf Graphic file (type pdf)
<use ./images/allergy-eps-converted-to.pdf>
Package pdftex.def Info: ./images/allergy-eps-converted-to.pdf  used on input l
ine 100.
(pdftex.def)             Requested size: 159.33542pt x 33.06956pt.
Package epstopdf Info: Source file: <images/openaccess.eps>
(epstopdf)                    date: 2025-02-03 14:23:06
(epstopdf)                    size: 1230946 bytes
(epstopdf)             Output file: <images/openaccess-eps-converted-to.pdf>
(epstopdf)                    date: 2025-02-03 14:23:06
(epstopdf)                    size: 14007 bytes
(epstopdf)             Command: <miktex-epstopdf --outfile=images/openaccess-ep
s-converted-to.pdf images/openaccess.eps>
(epstopdf)             \includegraphics on input line 100.
Package epstopdf Info: Output file is already uptodate.


pdfTeX warning: pdflatex.exe (file ./images/openaccess-eps-converted-to.pdf): P
DF inclusion: found PDF version <1.7>, but at most version <1.5> allowed
<images/openaccess-eps-converted-to.pdf, id=8, 52.195pt x 12.045pt>
File: images/openaccess-eps-converted-to.pdf Graphic file (type pdf)
<use images/openaccess-eps-converted-to.pdf>
Package pdftex.def Info: images/openaccess-eps-converted-to.pdf  used on input 
line 100.
(pdftex.def)             Requested size: 50.58878pt x 11.67497pt.
LaTeX Font Info:    Trying to load font information for LS1+stix2scr on input l
ine 100.

(C:\Users\Christopher PS\AppData\Local\Programs\MiKTeX\tex/fonts/stix2-type1\ls
1stix2scr.fd
File: ls1stix2scr.fd 2018/04/02 v2.0.0-latex stix2 script LS1 font definitions
)
LaTeX Font Info:    Trying to load font information for LS2+stix2ex on input li
ne 100.

(C:\Users\Christopher PS\AppData\Local\Programs\MiKTeX\tex/fonts/stix2-type1\ls
2stix2ex.fd
File: ls2stix2ex.fd 2018/04/02 v2.0.0-latex stix2 extentions LS2 font definitio
ns
)
LaTeX Font Info:    Trying to load font information for LS1+stix2frak on input 
line 100.

(C:\Users\Christopher PS\AppData\Local\Programs\MiKTeX\tex/fonts/stix2-type1\ls
1stix2frak.fd
File: ls1stix2frak.fd 2018/04/02 v2.0.0-latex stix2 fraktur LS1 font definition
s
)
LaTeX Font Info:    Trying to load font information for LS1+stix2bb on input li
ne 100.

(C:\Users\Christopher PS\AppData\Local\Programs\MiKTeX\tex/fonts/stix2-type1\ls
1stix2bb.fd
File: ls1stix2bb.fd 2018/04/02 v2.0.0-latex stix2 blackboard LS1 font definitio
ns
)
LaTeX Font Info:    Trying to load font information for LS2+stix2cal on input l
ine 100.

(C:\Users\Christopher PS\AppData\Local\Programs\MiKTeX\tex/fonts/stix2-type1\ls
2stix2cal.fd
File: ls2stix2cal.fd 2018/04/02 v2.0.0-latex stix2 calligraphic LS2 font defini
tions
)
LaTeX Font Info:    Trying to load font information for LS1+stix2sf on input li
ne 100.

(C:\Users\Christopher PS\AppData\Local\Programs\MiKTeX\tex/fonts/stix2-type1\ls
1stix2sf.fd
File: ls1stix2sf.fd 2018/04/02 v2.0.0-latex stix2 sans-serif LS1 font definitio
ns
)
LaTeX Font Info:    Trying to load font information for LS2+stix2tt on input li
ne 100.

(C:\Users\Christopher PS\AppData\Local\Programs\MiKTeX\tex/fonts/stix2-type1\ls
2stix2tt.fd
File: ls2stix2tt.fd 2018/04/02 v2.0.0-latex stix2 typewriter LS2 font definitio
ns
)
LaTeX Font Info:    Trying to load font information for U+msa on input line 100
.

(C:\Users\Christopher PS\AppData\Local\Programs\MiKTeX\tex/latex/amsfonts\umsa.
fd
File: umsa.fd 2013/01/14 v3.01 AMS symbols A
)
(C:\Users\Christopher PS\AppData\Local\Programs\MiKTeX\tex/latex/microtype\mt-m
sa.cfg
File: mt-msa.cfg 2006/02/04 v1.1 microtype config. file: AMS symbols (a) (RS)
)
LaTeX Font Info:    Trying to load font information for U+msb on input line 100
.

(C:\Users\Christopher PS\AppData\Local\Programs\MiKTeX\tex/latex/amsfonts\umsb.
fd
File: umsb.fd 2013/01/14 v3.01 AMS symbols B
)
(C:\Users\Christopher PS\AppData\Local\Programs\MiKTeX\tex/latex/microtype\mt-m
sb.cfg
File: mt-msb.cfg 2005/06/01 v1.0 microtype config. file: AMS symbols (b) (RS)
)
LaTeX Font Info:    Calculating math sizes for size <7.5> on input line 100.

Underfull \hbox (badness 1028) in paragraph at lines 106--123
\T1/stix2/m/n/9.03374 en-tre la necesi-dad de mon-i-toreo ob-je-tivo y las her-
ramien-tas
 []


Underfull \vbox (badness 10000) has occurred while \output is active []


Underfull \vbox (badness 10000) has occurred while \output is active []


Overfull \hbox (261.76537pt too wide) has occurred while \output is active
[][] 
 []


Overfull \vbox (49.76738pt too high) has occurred while \output is active []

LaTeX Font Info:    Trying to load font information for TS1+stix2 on input line
 143.

(C:\Users\Christopher PS\AppData\Local\Programs\MiKTeX\tex/fonts/stix2-type1\ts
1stix2.fd
File: ts1stix2.fd 2018/04/02 v2.0.0-latex stix2 TS1 font definitions
)
Package microtype Info: Character `textflorin ' is missing
(microtype)             in font `TS1/stix2/m/n/6.25'.
(microtype)             Ignoring protrusion settings for this character.
 [1{C:/Users/Christopher PS/AppData/Local/MiKTeX/fonts/map/pdftex/pdftex.map}{C
:/Users/Christopher PS/AppData/Local/Programs/MiKTeX/fonts/enc/dvips/stix2-type
1/stix2-t1.enc}{C:/Users/Christopher PS/AppData/Local/Programs/MiKTeX/fonts/enc
/dvips/stix2-type1/stix2-mathex.enc}

\openout4 = `Optimal-Design-layout.pag'.


{C:/Users/Christopher PS/AppData/Local/Programs/MiKTeX/fonts/enc/dvips/stix2-ty
pe1/stix2-ts1.enc} <./images/Wiley_logo-eps-converted-to.pdf> <./images/allergy
-eps-converted-to.pdf> <./images/openaccess-eps-converted-to.pdf>]
*geometry* verbose mode - [ newgeometry ] result:
* driver: pdftex
* paper: custom
* layout: <same size as paper>
* layoutoffset:(h,v)=(0.0pt,0.0pt)
* modes: twoside 
* h-part:(L,W,R)=(71.70166pt, 418.25368pt, 107.55254pt)
* v-part:(T,H,B)=(34.1433pt, 699.9378pt, 51.21495pt)
* \paperwidth=597.50787pt
* \paperheight=785.29605pt
* \textwidth=418.25368pt
* \textheight=699.9378pt
* \oddsidemargin=-0.56833pt
* \evensidemargin=35.28255pt
* \topmargin=-38.1267pt
* \headheight=0.0pt
* \headsep=0.0pt
* \topskip=10.0pt
* \footskip=30.0pt
* \marginparwidth=121.0pt
* \marginparsep=11.0pt
* \columnsep=17.07164pt
* \skip\footins=9.0pt plus 4.0pt minus 2.0pt
* \hoffset=0.0pt
* \voffset=0.0pt
* \mag=1000
* \@twocolumnfalse
* \@twosidetrue
* \@mparswitchtrue
* \@reversemarginfalse
* (1in=72.27pt=25.4mm, 1cm=28.453pt)


Underfull \vbox (badness 10000) has occurred while \output is active []


Underfull \hbox (badness 10000) detected at line 221
[]
 []


Underfull \hbox (badness 2285) in paragraph at lines 229--229
\T1/stix2/m/n/8 en-ten el dis-eño de sis-temas op-ti-miza-dos
 []


Underfull \hbox (badness 1721) in paragraph at lines 230--230
[]\T1/stix2/m/n/8 La het-ero-genei-dad en las métri-cas re-por-
 []


Underfull \hbox (badness 1810) in paragraph at lines 230--230
\T1/stix2/m/n/8 table-cer es-tán-dares para her-ramien-tas de
 []


Underfull \hbox (badness 1997) in paragraph at lines 233--233
[]\T1/stix2/m/n/8 Los val-ores ab-so-lu-tos de métri-cas varían
 []


Underfull \hbox (badness 1194) in paragraph at lines 236--236
\T1/stix2/m/n/8 er-al-ización ha-cia pobla-ciones lati-noamer-i-
 []


Underfull \hbox (badness 10000) in paragraph at lines 238--238
[]\T1/stix2/m/n/8 Evaluar las lim-ita-ciones de rep-re-sen-ta-
 []


Underfull \hbox (badness 5133) in paragraph at lines 238--238
\T1/stix2/m/n/8 tivi-dad y gen-er-al-ización de los datasets
 []


Underfull \hbox (badness 1635) in paragraph at lines 244--244
\T1/stix2/m/n/8 la tra-duc-ción efec-tiva de la in-ves-ti-gación
 []


Overfull \hbox (0.54092pt too wide) in alignment at lines 223--246
[] [] [] 
 []


Underfull \hbox (badness 1067) in paragraph at lines 260--268
\T1/stix2/m/n/9.03374 Esta re-visión sis-temática fue con-ducida en con-formi-d
ad con
 []


Underfull \hbox (badness 1102) in paragraph at lines 260--268
\T1/stix2/m/n/9.03374 siones Sis-temáti-cas (PROS-PERO) bajo el número de reg-i
stro
 []


Underfull \hbox (badness 10000) in paragraph at lines 269--269
 \T1/stix2/b/n/10 2.3 | []|  Fuentes de In-for-ma-ción y Es-trate-gia de
 []


Overfull \hbox (261.76537pt too wide) has occurred while \output is active
[]| 
 []

[2

]
Underfull \hbox (badness 3482) in paragraph at lines 308--308
\T1/stix2/m/it/9.03374 TITLE-ABS-KEY(("autism" OR "ASD" OR "autism spec-
 []


Underfull \hbox (badness 1558) in paragraph at lines 308--308
\T1/stix2/m/it/9.03374 trum" OR "autis-tic") AND ("emo-tion" OR "fa-cial ex-pre
s-
 []


Underfull \hbox (badness 2293) in paragraph at lines 308--308
\T1/stix2/m/it/9.03374 chine learn-ing" OR "deep learn-ing" OR "ar-ti-fi-cial i
n-tel-
 []


Underfull \hbox (badness 1681) in paragraph at lines 308--308
\T1/stix2/m/it/9.03374 li-gence" OR "com-puter vi-sion" OR "neu-ral net-work" O
R
 []


Underfull \vbox (badness 10000) has occurred while \output is active []


Underfull \hbox (badness 10000) detected at line 323
[]
 []


Underfull \vbox (badness 10000) has occurred while \output is active []


Overfull \hbox (261.76537pt too wide) has occurred while \output is active
[]| 
 []

[3]
LaTeX Font Info:    Calculating math sizes for size <9.03374> on input line 376
.
<./images/fig_1.jpg, id=104, 772.8875pt x 738.76pt>
File: ./images/fig_1.jpg Graphic file (type jpg)
<use ./images/fig_1.jpg>
Package pdftex.def Info: ./images/fig_1.jpg  used on input line 393.
(pdftex.def)             Requested size: 244.69371pt x 233.88297pt.

Overfull \hbox (261.76537pt too wide) has occurred while \output is active
[]| 
 []

[4{C:/Users/Christopher PS/AppData/Local/Programs/MiKTeX/fonts/enc/dvips/stix2-
type1/stix2-mathit.enc}{C:/Users/Christopher PS/AppData/Local/Programs/MiKTeX/f
onts/enc/dvips/stix2-type1/stix2-mathrm.enc} <./images/fig_1.jpg>]
Underfull \hbox (badness 10000) detected at line 423
[]
 []


Underfull \hbox (badness 2529) in paragraph at lines 485--499
[]\T1/stix2/m/n/9.03374 Para abor-dar la eval-u-ación for-mal de cal-i-dad meto
dológ-ica
 []


Underfull \hbox (badness 3668) in paragraph at lines 485--499
\T1/stix2/m/n/9.03374 re-querida en re-vi-siones sis-temáti-cas rig-urosas, se 
aplicó el
 []


Underfull \hbox (badness 10000) detected at line 526
[]
 []


Overfull \hbox (261.76537pt too wide) has occurred while \output is active
[]| 
 []

[5]

LaTeX Warning: Text page 6 contains only floats.


Overfull \vbox (25.33612pt too high) has occurred while \output is active []



LaTeX Warning: Text page 6 contains only floats.


Overfull \vbox (25.33612pt too high) has occurred while \output is active []


Overfull \hbox (261.76537pt too wide) has occurred while \output is active
[]| 
 []

[6]
Overfull \hbox (261.76537pt too wide) has occurred while \output is active
[]| 
 []

[7]
<./images/fig_2.jpg, id=219, 761.84625pt x 330.48468pt>
File: ./images/fig_2.jpg Graphic file (type jpg)
<use ./images/fig_2.jpg>
Package pdftex.def Info: ./images/fig_2.jpg  used on input line 733.
(pdftex.def)             Requested size: 506.45908pt x 219.69894pt.

Underfull \hbox (badness 10000) detected at line 742
[]
 []


Underfull \hbox (badness 10000) in paragraph at lines 748--748
[]\T1/stix2/m/n/8 Incertidumbre en clasi-
 []


Underfull \hbox (badness 7888) in paragraph at lines 748--748
\T1/stix2/m/n/8 fi-cación y baja ro-bustez
 []


Underfull \hbox (badness 5696) in paragraph at lines 749--749
[]\T1/stix2/m/n/8 CNN, Apren-dizaje Pro-fundo Per-son-al-izado,
 []


Underfull \hbox (badness 5345) in paragraph at lines 751--751
[]\T1/stix2/m/n/8 Interpretabilidad lim-i-tada
 []


Underfull \hbox (badness 10000) in paragraph at lines 754--754
[]\T1/stix2/m/n/8 Pobre gen-er-al-ización en
 []


Underfull \hbox (badness 10000) in paragraph at lines 757--757
\T1/stix2/m/n/8 mul-ti-modales cor-rela-
 []


Underfull \hbox (badness 10000) in paragraph at lines 761--761
[]\T1/stix2/m/n/8 SMOTE, RUS, ROS, ADASYN, En-sem-ble
 []


Underfull \hbox (badness 10000) detected at line 780
[]
 []


Underfull \hbox (badness 10000) in paragraph at lines 788--788
[]\T1/stix2/m/n/8 Solo es-tu-dios con
 []


Underfull \hbox (badness 10000) in paragraph at lines 788--788
\T1/stix2/m/n/8 métri-cas su-per-visadas
 []


Underfull \hbox (badness 1137) in paragraph at lines 811--834
\T1/stix2/m/n/9.03374 ti-fi-ca-ble rev-eló que los au-tores em-plean pre-dom-i-
nan-te-mente
 []


Underfull \hbox (badness 10000) in paragraph at lines 844--844
[]\T1/stix2/m/n/8 CNN /
 []


Underfull \hbox (badness 10000) in paragraph at lines 844--844
\T1/stix2/m/n/8 Apren-dizaje
 []


Underfull \hbox (badness 10000) in paragraph at lines 846--846
[]\T1/stix2/m/n/8 Visión por
 []


Underfull \hbox (badness 10000) in paragraph at lines 846--846
\T1/stix2/m/n/8 Comp. / Eye-
 []


Underfull \hbox (badness 10000) in paragraph at lines 853--860
[]\T1/stix2/m/it/7 Nota: \T1/stix2/m/n/7 Ens=Ensamblados; N-E=No En-sam-bla-dos
; Tot.=Total; E%=Ens%;
 []


Underfull \hbox (badness 1142) in paragraph at lines 853--860
\T1/stix2/m/n/7 fun-da-men-tales en com-ple-ji-dad com-puta-cional y es-trate-g
ias de predic-ción. Los
 []

<./images/fig_3.jpg, id=265, 732.48656pt x 396.7322pt>
File: ./images/fig_3.jpg Graphic file (type jpg)
<use ./images/fig_3.jpg>
Package pdftex.def Info: ./images/fig_3.jpg  used on input line 874.
(pdftex.def)             Requested size: 244.69371pt x 132.52623pt.

Underfull \hbox (badness 1082) in paragraph at lines 883--889
\T1/stix2/m/n/9.03374 dom-ina con el 42.1%, donde el trans-fer learn-ing desde 
Im-a-
 []

<./images/fig_4.jpg, id=269, 972.63374pt x 530.98375pt>
File: ./images/fig_4.jpg Graphic file (type jpg)
<use ./images/fig_4.jpg>
Package pdftex.def Info: ./images/fig_4.jpg  used on input line 891.
(pdftex.def)             Requested size: 244.69371pt x 133.58012pt.

Underfull \hbox (badness 1389) in paragraph at lines 896--896
\T1/stix2/m/it/8 Nota: La figura de-talla las con-fig-u-ra-ciones en-sam-bladas
 iden-ti-fi-cadas,
 []


Underfull \hbox (badness 2582) in paragraph at lines 911--925
\T1/stix2/m/n/9.03374 cuente-mente re-por-tado en la lit-er-atura re-visada par
a el re-
 []

<./images/fig_5.jpg, id=278, 859.2903pt x 860.013pt>
File: ./images/fig_5.jpg Graphic file (type jpg)
<use ./images/fig_5.jpg>
Package pdftex.def Info: ./images/fig_5.jpg  used on input line 934.
(pdftex.def)             Requested size: 244.69371pt x 244.89629pt.

Underfull \vbox (badness 10000) has occurred while \output is active []


Overfull \hbox (261.76537pt too wide) has occurred while \output is active
[]| 
 []

[8]
Underfull \hbox (badness 10000) detected at line 957
[]
 []


Underfull \vbox (badness 10000) has occurred while \output is active []


Overfull \hbox (261.76537pt too wide) has occurred while \output is active
[]| 
 []

[9 <./images/fig_2.jpg>]
Underfull \hbox (badness 10000) detected at line 1014
[]
 []


Underfull \vbox (badness 10000) has occurred while \output is active []


Overfull \hbox (261.76537pt too wide) has occurred while \output is active
[]| 
 []

[10 <./images/fig_3.jpg> <./images/fig_4.jpg>]
<./images/fig_6.jpg, id=396, 679.03688pt x 406.51875pt>
File: ./images/fig_6.jpg Graphic file (type jpg)
<use ./images/fig_6.jpg>
Package pdftex.def Info: ./images/fig_6.jpg  used on input line 1098.
(pdftex.def)             Requested size: 244.69371pt x 146.4893pt.

Underfull \hbox (badness 10000) detected at line 1109
[]
 []


Underfull \vbox (badness 10000) has occurred while \output is active []


Underfull \vbox (badness 10000) has occurred while \output is active []


Overfull \hbox (261.76537pt too wide) has occurred while \output is active
[]| 
 []

[11]
<./images/fig_7.jpg, id=415, 983.675pt x 547.04375pt>
File: ./images/fig_7.jpg Graphic file (type jpg)
<use ./images/fig_7.jpg>
Package pdftex.def Info: ./images/fig_7.jpg  used on input line 1181.
(pdftex.def)             Requested size: 506.45908pt x 281.65137pt.

Overfull \hbox (261.76537pt too wide) has occurred while \output is active
[]| 
 []

[12 <./images/fig_5.jpg> <./images/fig_6.jpg>]
Underfull \hbox (badness 10000) detected at line 1223
[]
 []


Underfull \hbox (badness 10000) detected at line 1266
[]
 []

<./images/fig_8.jpg, id=428, 991.705pt x 548.0475pt>
File: ./images/fig_8.jpg Graphic file (type jpg)
<use ./images/fig_8.jpg>
Package pdftex.def Info: ./images/fig_8.jpg  used on input line 1293.
(pdftex.def)             Requested size: 244.69371pt x 135.22195pt.

Underfull \hbox (badness 1728) in paragraph at lines 1301--1318
\T1/stix2/m/n/9.03374 com-ple-men-tarse con ar-qui-tec-turas CNN ade-cuadas que
 cap-
 []


Underfull \vbox (badness 10000) has occurred while \output is active []


Underfull \hbox (badness 10000) detected at line 1331
[]
 []


Overfull \hbox (261.76537pt too wide) has occurred while \output is active
[]| 
 []

[13 <./images/fig_7.jpg> <./images/fig_8.jpg>]
Underfull \vbox (badness 10000) has occurred while \output is active []


Overfull \hbox (261.76537pt too wide) has occurred while \output is active
[]| 
 []

[14]
Underfull \hbox (badness 1365) in paragraph at lines 1399--1410
\T1/stix2/m/n/9.03374 paci-dad téc-nica de los mod-e-los para proce-sar e in-te
-grar co-
 []


Underfull \hbox (badness 10000) detected at line 1436
[]
 []


Underfull \hbox (badness 10000) in paragraph at lines 1442--1442
[]\T1/stix2/m/n/8 Validación
 []


Underfull \hbox (badness 10000) in paragraph at lines 1446--1446
[]\T1/stix2/m/n/8 Optim. Meta-
 []


Underfull \hbox (badness 1442) in paragraph at lines 1464--1475
\T1/stix2/m/n/9.03374 Clases y Muestreo Es-trat-i-fi-cado, tal como se pre-sent
a en la
 []


Underfull \hbox (badness 1005) in paragraph at lines 1464--1475
\T1/stix2/m/n/9.03374 Tabla [][]15[][]. La Au-mentación de Datos gen-era ejem-p
-los sin-téti-
 []


Underfull \hbox (badness 10000) detected at line 1478
[]
 []


Underfull \hbox (badness 10000) in paragraph at lines 1488--1488
[]\T1/stix2/m/n/8 Submuestreo
 []


Overfull \hbox (261.76537pt too wide) has occurred while \output is active
[]| 
 []

[15]
Underfull \hbox (badness 10000) detected at line 1543
[]
 []

<./images/fig_9.jpg, id=517, 983.17313pt x 462.22687pt>
File: ./images/fig_9.jpg Graphic file (type jpg)
<use ./images/fig_9.jpg>
Package pdftex.def Info: ./images/fig_9.jpg  used on input line 1572.
(pdftex.def)             Requested size: 506.45908pt x 238.10239pt.

Underfull \hbox (badness 2401) in paragraph at lines 1659--1672
\T1/stix2/m/n/9.03374 i-dación de nuevas ar-qui-tec-turas me-di-ante com-para-c
ión con
 []


Underfull \hbox (badness 3612) in paragraph at lines 1659--1672
\T1/stix2/m/n/9.03374 ref-er-en-cias de rendimiento es-table-ci-das. Los datase
ts pri-va-
 []


Underfull \hbox (badness 1142) in paragraph at lines 1659--1672
\T1/stix2/m/n/9.03374 conocimiento a través de apli-ca-ciones en es-ce-nar-ios 
clíni-cos
 []


Underfull \hbox (badness 1616) in paragraph at lines 1659--1672
\T1/stix2/m/n/9.03374 es-pecí-fi-cos que re-fle-jan het-ero-genei-dad real de l
a población
 []


Underfull \vbox (badness 10000) has occurred while \output is active []


Overfull \hbox (261.76537pt too wide) has occurred while \output is active
[]| 
 []

[16]
Underfull \vbox (badness 10000) has occurred while \output is active []


Underfull \vbox (badness 10000) has occurred while \output is active []


Overfull \hbox (261.76537pt too wide) has occurred while \output is active
[]| 
 []

[17 <./images/fig_9.jpg>]
Underfull \hbox (badness 10000) detected at line 1741
[]
 []


Underfull \hbox (badness 3514) in paragraph at lines 1804--1813
\T1/stix2/m/n/9.03374 Esta re-visión sis-temática sin-te-tiza ex-clu-si-va-ment
e ev-i-den-cia
 []


Underfull \hbox (badness 1558) in paragraph at lines 1804--1813
\T1/stix2/m/n/9.03374 so-bre tec-nologías de apren-dizaje au-tomático apli-cada
s al re-
 []


Underfull \hbox (badness 1168) in paragraph at lines 1839--1847
\T1/stix2/m/n/9.03374 (5.9%) per-miten la val-i-dación es-tandarizada de ar-qui
-tec-turas.
 []


Underfull \hbox (badness 1303) in paragraph at lines 1839--1847
\T1/stix2/m/n/9.03374 Los datasets pri-va-dos (50.0%) gen-eran conocimiento en 
con-
 []


Underfull \hbox (badness 1558) in paragraph at lines 1839--1847
\T1/stix2/m/n/9.03374 tex-tos clíni-cos es-pecí-fi-cos con mayor validez ecológ
-ica. Una
 []


Underfull \hbox (badness 1337) in paragraph at lines 1848--1855
[]\T1/stix2/b/n/9.03374 Características de En-trada. \T1/stix2/m/n/9.03374 Las 
car-ac-terís-ti-cas fa-ciales (15
 []


Underfull \vbox (badness 10000) has occurred while \output is active []


Overfull \hbox (261.76537pt too wide) has occurred while \output is active
[]| 
 []

[18]
Underfull \vbox (badness 10000) has occurred while \output is active []


Underfull \hbox (badness 4242) in paragraph at lines 1901--1907
[]\T1/stix2/b/n/9.03374 Intervenciones adap-ta-ti-vas per-son-al-izadas. \T1/st
ix2/m/n/9.03374 Im-ple-men-tar
 []


Underfull \vbox (badness 10000) has occurred while \output is active []


Overfull \hbox (261.76537pt too wide) has occurred while \output is active
[]| 
 []

[19]
Underfull \hbox (badness 10000) in paragraph at lines 1933--1938
\T1/stix2/m/n/9.03374 J.E.C.A.: con-cep-tu-al-ización, metodología, su-per-visi
ón,
 []


Underfull \hbox (badness 1910) in paragraph at lines 1933--1938
\T1/stix2/m/n/9.03374 datos, análi-sis for-mal, redacción---borrador orig-i-nal
. J.P.N.Z.:
 []

(Optimal-Design-layout.bbl
Underfull \hbox (badness 1014) in paragraph at lines 79--85
[]\T1/stix2/m/n/8.5 P. Rado£aj, and G. Mar-ti-novi¢.   ``Emo-tion recog-ni-tion
 in
 []


Underfull \hbox (badness 1590) in paragraph at lines 79--85
\T1/stix2/m/n/8.5 autis-tic chil-dren through fa-cial ex-pres-sions us-ing ad-v
anced
 []


Underfull \hbox (badness 10000) in paragraph at lines 97--103
[]\T1/stix2/m/n/8.5 R. W. Sholikah, R. V. H. Gi-nardi, S. L. C. Nu-groho,
 []


Underfull \hbox (badness 1215) in paragraph at lines 97--103
\T1/stix2/m/n/8.5 K. Ghozali,, and A. S. In-drawanti.   ``Real-time fa-cial ex-

 []


Underfull \hbox (badness 10000) in paragraph at lines 97--103
\T1/stix2/m/n/8.5 pres-sion recog-ni-tion to en-hance emo-tional in-tel-li-genc
e
 []


Underfull \hbox (badness 10000) in paragraph at lines 97--103
\T1/stix2/m/n/8.5 in autism.'' \T1/stix2/m/it/8.5 Pro-ce-dia Com-put Sci\T1/sti
x2/m/n/8.5 234 (2024): 222--229.
 []


Underfull \hbox (badness 1142) in paragraph at lines 106--111
\T1/stix2/m/n/8.5 autism spec-trum dis-or-der.'' \T1/stix2/m/it/8.5 Sci Rep \T1
/stix2/m/n/8.5 14, no. 1 (2024): 31527.
 []


Underfull \hbox (badness 1960) in paragraph at lines 114--119
[]\T1/stix2/m/n/8.5 M. A. Mah-mood, L. J. Men-zli, N. M. Al-turki,, and M. A.
 []


Underfull \hbox (badness 5077) in paragraph at lines 139--145
[]\T1/stix2/m/n/8.5 I. Has-san, N. Nahid, M. Is-lam, S. Hos-sain, B. Schuller,,

 []


Underfull \hbox (badness 3646) in paragraph at lines 139--145
\T1/stix2/m/n/8.5 and M. A. R. Ahad.   ``Au-to-mated autism as-sess-ment
 []


Underfull \hbox (badness 10000) in paragraph at lines 139--145
\T1/stix2/m/n/8.5 with mul-ti-modal data and en-sem-ble learn-ing: A scal-
 []


Underfull \hbox (badness 10000) in paragraph at lines 139--145
\T1/stix2/m/n/8.5 able and con-sis-tent robot-enhanced ther-apy frame-work.''
 []


Underfull \hbox (badness 4132) in paragraph at lines 139--145
\T1/stix2/m/it/8.5 IEEE Trans Neu-ral Syst Re-ha-bil Eng\T1/stix2/m/n/8.5 33 (2
025): 1191--1201.
 []


Underfull \hbox (badness 3354) in paragraph at lines 147--153
[]\T1/stix2/m/n/8.5 S. Al-subai.   ``MD-NCT: a multi-domain neu-rocog-ni-tive
 []


Underfull \hbox (badness 5939) in paragraph at lines 147--153
\T1/stix2/m/n/8.5 trans-former ar-chi-tec-ture ap-proach for early pre-dic-tion
 of
 []


Underfull \hbox (badness 1210) in paragraph at lines 156--162
\T1/stix2/m/n/8.5 en-gage-ment in autism ther-apy.'' \T1/stix2/m/it/8.5 Sci Rob
ot \T1/stix2/m/n/8.5 3, no. 19 (2018):
 []


Underfull \vbox (badness 10000) has occurred while \output is active []


Overfull \hbox (261.76537pt too wide) has occurred while \output is active
[]| 
 []

[20]
Underfull \hbox (badness 7256) in paragraph at lines 182--189
[]\T1/stix2/m/n/8.5 M. S. Alam, M. M. Rashid, A. J. Bin Haja Mo-hideen,
 []


Underfull \hbox (badness 5105) in paragraph at lines 182--189
\T1/stix2/m/n/8.5 bust autism spec-trum dis-or-der screen-ing based on fa-cial
 []


Underfull \hbox (badness 4266) in paragraph at lines 182--189
\T1/stix2/m/n/8.5 im-ages (for dis-abil-ity di-ag-no-sis): A domain-adaptive de
ep
 []


Underfull \hbox (badness 5756) in paragraph at lines 182--189
\T1/stix2/m/n/8.5 en-sem-ble ap-proach.'' \T1/stix2/m/it/8.5 Di-ag-nos-tics \T1
/stix2/m/n/8.5 15, no. 13 (2025): 1601.
 []


Underfull \hbox (badness 2503) in paragraph at lines 210--215
[]\T1/stix2/m/n/8.5 F. E. El Rhatassi, B. El Ghali,, and N. Na-jima.   ``Hy-
 []


Underfull \hbox (badness 10000) in paragraph at lines 218--224
[]\T1/stix2/m/n/8.5 R. Ra-machan-dran, R. Mal-ladi, S. Bel-lamkonda,, and
 []


Underfull \hbox (badness 1521) in paragraph at lines 218--224
\T1/stix2/m/n/8.5 E. S. Reddy.   ``Dis-or-der fa-cial emo-tion recog-ni-tion wi
th
 []


Underfull \hbox (badness 5817) in paragraph at lines 218--224
\T1/stix2/m/n/8.5 grey wolf op-ti-mized GEfficient-Net for autism spec-trum.''
 []


Underfull \hbox (badness 3907) in paragraph at lines 218--224
\T1/stix2/m/it/8.5 Int J Im-age Graph Sig-nal Pro-cess \T1/stix2/m/n/8.5 17, no
. 1 (2025): 1--16.
 []


Underfull \hbox (badness 3417) in paragraph at lines 227--233
\T1/stix2/m/n/8.5 ``AutYOLO-ATT: an attention-based YOLOv8 algorithm for
 []


Underfull \hbox (badness 6725) in paragraph at lines 227--233
\T1/stix2/m/n/8.5 early autism di-ag-no-sis through fa-cial ex-pres-sion recog-
ni-
 []


Underfull \hbox (badness 1515) in paragraph at lines 227--233
\T1/stix2/m/n/8.5 tion.'' \T1/stix2/m/it/8.5 Neu-ral Com-put Appl \T1/stix2/m/n
/8.5 36, no. 27 (2024): 17199--17219.
 []


Underfull \hbox (badness 5431) in paragraph at lines 235--240
[]\T1/stix2/m/n/8.5 T. Na-gae, and J. Lee.   ``Un-der-stand-ing emo-tions in
 []


Underfull \hbox (badness 10000) in paragraph at lines 235--240
\T1/stix2/m/n/8.5 chil-dren with de-vel-op-men-tal dis-abil-i-ties dur-ing robo
t
 []


Underfull \hbox (badness 10000) in paragraph at lines 235--240
\T1/stix2/m/n/8.5 ther-apy us-ing EDA.'' \T1/stix2/m/it/8.5 Sen-sors \T1/stix2/
m/n/8.5 22, no. 14 (2022): 5116.
 []


Underfull \hbox (badness 2237) in paragraph at lines 243--249
[]\T1/stix2/m/n/8.5 A. Pa-paioan-nou et al.   ``Dif-fer-ences in per-for-mance 
of
 []


Underfull \hbox (badness 4569) in paragraph at lines 275--281
[]\T1/stix2/m/n/8.5 M.-X. Xu, and X.-D. Ju.   ``Ab-nor-mal brain struc-ture
 []


Underfull \hbox (badness 7759) in paragraph at lines 275--281
\T1/stix2/m/n/8.5 is as-so-ci-ated with so-cial and com-mu-ni-ca-tion deficits 
in
 []


Underfull \hbox (badness 10000) in paragraph at lines 275--281
\T1/stix2/m/n/8.5 chil-dren with autism spec-trum dis-or-der: A voxel-based
 []


Underfull \hbox (badness 6859) in paragraph at lines 275--281
\T1/stix2/m/n/8.5 mor-phom-e-try anal-y-sis.'' \T1/stix2/m/it/8.5 Brain Sci \T1
/stix2/m/n/8.5 13, no. 5 (2023): 779.
 []


Underfull \hbox (badness 2941) in paragraph at lines 292--298
[]\T1/stix2/m/n/8.5 G. Ci-c-ceri et al.   ``AI4ASC: A hi-er-ar-chi-cal multi-le
vel
 []


Underfull \hbox (badness 10000) in paragraph at lines 292--298
\T1/stix2/m/n/8.5 AI-driven frame-work for ges-ture anal-y-sis and mon-i-tor-
 []


Underfull \hbox (badness 2932) in paragraph at lines 292--298
\T1/stix2/m/n/8.5 ing in ASC chil-dren.'' \T1/stix2/m/it/8.5 IEEE Ac-cess\T1/st
ix2/m/n/8.5 14 (2026): 17885--17904.
 []


Underfull \vbox (badness 10000) has occurred while \output is active []

)
Overfull \hbox (261.76537pt too wide) has occurred while \output is active
[]| 
 []

[21] (Optimal-Design-layout.aux)
 ***********
LaTeX2e <2023-11-01> patch level 1
L3 programming layer <2024-01-04>
 ***********
 ) 
Here is how much of TeX's memory you used:
 36831 strings out of 474485
 673146 string characters out of 5739450
 1982542 words of memory out of 5000000
 58337 multiletter control sequences out of 15000+600000
 784111 words of font info for 203 fonts, out of 8000000 for 9000
 1167 hyphenation exceptions out of 8191
 98i,11n,101p,2077b,698s stack positions out of 10000i,1000n,20000p,200000b,200000s
<C:/Users/Christopher PS/AppData/Local/Programs/MiKTeX/fonts/type1/public/sti
x2-type1/STIX2Math.pfb><C:/Users/Christopher PS/AppData/Local/Programs/MiKTeX/f
onts/type1/public/stix2-type1/STIX2Text-Bold.pfb><C:/Users/Christopher PS/AppDa
ta/Local/Programs/MiKTeX/fonts/type1/public/stix2-type1/STIX2Text-BoldItalic.pf
b><C:/Users/Christopher PS/AppData/Local/Programs/MiKTeX/fonts/type1/public/sti
x2-type1/STIX2Text-Italic.pfb><C:/Users/Christopher PS/AppData/Local/Programs/M
iKTeX/fonts/type1/public/stix2-type1/STIX2Text-Regular.pfb>
Output written on Optimal-Design-layout.pdf (21 pages, 1702350 bytes).
PDF statistics:
 756 PDF objects out of 1000 (max. 8388607)
 108 named destinations out of 1000 (max. 500000)
 12073 words of extra memory for PDF output out of 14400 (max. 10000000)

